Archive member included to satisfy reference by file (symbol)

/home/kirill/Projects/Pico/test/pico2/libmicroros/libmicroros.a(libgeometry_msgs__rosidl_typesupport_c-vector3__type_support.cpp.obj)
                              CMakeFiles/pico2.dir/pico2.cpp.obj (rosidl_typesupport_c__get_message_type_support_handle__geometry_msgs__msg__Vector3)
/home/kirill/Projects/Pico/test/pico2/libmicroros/libmicroros.a(libgeometry_msgs__rosidl_typesupport_introspection_c-vector3__type_support.c.obj)
                              /home/kirill/Projects/Pico/test/pico2/libmicroros/libmicroros.a(libgeometry_msgs__rosidl_typesupport_c-vector3__type_support.cpp.obj) (rosidl_typesupport_introspection_c__get_message_type_support_handle__geometry_msgs__msg__Vector3)
/home/kirill/Projects/Pico/test/pico2/libmicroros/libmicroros.a(libgeometry_msgs__rosidl_typesupport_microxrcedds_c-vector3__type_support_c.c.obj)
                              /home/kirill/Projects/Pico/test/pico2/libmicroros/libmicroros.a(libgeometry_msgs__rosidl_typesupport_c-vector3__type_support.cpp.obj) (rosidl_typesupport_microxrcedds_c__get_message_type_support_handle__geometry_msgs__msg__Vector3)
/home/kirill/Projects/Pico/test/pico2/libmicroros/libmicroros.a(libmicrocdr-basic.c.obj)
                              /home/kirill/Projects/Pico/test/pico2/libmicroros/libmicroros.a(libgeometry_msgs__rosidl_typesupport_microxrcedds_c-vector3__type_support_c.c.obj) (ucdr_serialize_double)
/home/kirill/Projects/Pico/test/pico2/libmicroros/libmicroros.a(libmicrocdr-common.c.obj)
                              /home/kirill/Projects/Pico/test/pico2/libmicroros/libmicroros.a(libmicrocdr-basic.c.obj) (ucdr_check_buffer_available_for)
/home/kirill/Projects/Pico/test/pico2/libmicroros/libmicroros.a(librcl-publisher.c.obj)
                              CMakeFiles/pico2.dir/pico2.cpp.obj (rcl_publish)
/home/kirill/Projects/Pico/test/pico2/libmicroros/libmicroros.a(librclc-executor.c.obj)
                              CMakeFiles/pico2.dir/pico2.cpp.obj (rclc_executor_init)
/home/kirill/Projects/Pico/test/pico2/libmicroros/libmicroros.a(librclc-executor_handle.c.obj)
                              /home/kirill/Projects/Pico/test/pico2/libmicroros/libmicroros.a(librclc-executor.c.obj) (rclc_executor_handle_counters_zero_init)
/home/kirill/Projects/Pico/test/pico2/libmicroros/libmicroros.a(librclc-init.c.obj)
                              CMakeFiles/pico2.dir/pico2.cpp.obj (rclc_support_init)
/home/kirill/Projects/Pico/test/pico2/libmicroros/libmicroros.a(librclc-node.c.obj)
                              CMakeFiles/pico2.dir/pico2.cpp.obj (rclc_node_init_default)
/home/kirill/Projects/Pico/test/pico2/libmicroros/libmicroros.a(librclc-publisher.c.obj)
                              CMakeFiles/pico2.dir/pico2.cpp.obj (rclc_publisher_init_default)
/home/kirill/Projects/Pico/test/pico2/libmicroros/libmicroros.a(librclc-sleep.c.obj)
                              /home/kirill/Projects/Pico/test/pico2/libmicroros/libmicroros.a(librclc-executor.c.obj) (rclc_sleep_ms)
/home/kirill/Projects/Pico/test/pico2/libmicroros/libmicroros.a(librclc-subscription.c.obj)
                              CMakeFiles/pico2.dir/pico2.cpp.obj (rclc_subscription_init_default)
/home/kirill/Projects/Pico/test/pico2/libmicroros/libmicroros.a(librclc-timer.c.obj)
                              CMakeFiles/pico2.dir/pico2.cpp.obj (rclc_timer_init_default)
/home/kirill/Projects/Pico/test/pico2/libmicroros/libmicroros.a(librcutils-allocator.c.obj)
                              CMakeFiles/pico2.dir/pico2.cpp.obj (rcutils_get_default_allocator)
/home/kirill/Projects/Pico/test/pico2/libmicroros/libmicroros.a(librcutils-error_handling.c.obj)
                              /home/kirill/Projects/Pico/test/pico2/libmicroros/libmicroros.a(librclc-executor.c.obj) (rcutils_reset_error)
/home/kirill/Projects/Pico/test/pico2/libmicroros/libmicroros.a(librcutils-time_unix.c.obj)
                              /home/kirill/Projects/Pico/test/pico2/libmicroros/libmicroros.a(librclc-executor.c.obj) (rcutils_system_time_now)
/home/kirill/Projects/Pico/test/pico2/libmicroros/libmicroros.a(librmw-publisher_options.c.obj)
                              /home/kirill/Projects/Pico/test/pico2/libmicroros/libmicroros.a(librcl-publisher.c.obj) (rmw_get_default_publisher_options)
/home/kirill/Projects/Pico/test/pico2/libmicroros/libmicroros.a(librmw_microxrcedds-custom_transport.c.obj)
                              CMakeFiles/pico2.dir/pico2.cpp.obj (rmw_uros_set_custom_transport)
/home/kirill/Projects/Pico/test/pico2/libmicroros/libmicroros.a(librmw_microxrcedds-ping.c.obj)
                              CMakeFiles/pico2.dir/pico2.cpp.obj (rmw_uros_ping_agent)
/home/kirill/Projects/Pico/test/pico2/libmicroros/libmicroros.a(librmw_microxrcedds-rmw_publish.c.obj)
                              /home/kirill/Projects/Pico/test/pico2/libmicroros/libmicroros.a(librcl-publisher.c.obj) (rmw_publish)
[...]
Memory Configuration

Name             Origin             Length             Attributes
FLASH            0x0000000010000000 0x0000000000200000 xr
RAM              0x0000000020000000 0x0000000000040000 xrw
SCRATCH_X        0x0000000020040000 0x0000000000001000 xrw
SCRATCH_Y        0x0000000020041000 0x0000000000001000 xrw
*default*        0x0000000000000000 0xffffffffffffffff

Linker script and memory map

LOAD /usr/lib/gcc/arm-none-eabi/10.3.1/thumb/v6-m/nofp/crti.o
LOAD /usr/lib/gcc/arm-none-eabi/10.3.1/thumb/v6-m/nofp/crtbegin.o
LOAD /usr/lib/gcc/arm-none-eabi/10.3.1/../../../arm-none-eabi/lib/thumb/v6-m/nofp/crt0.o

.flash_begin    0x0000000010000000        0x0
                0x0000000010000000                __flash_binary_start = .

.boot2          0x0000000010000000      0x100
                0x0000000010000000                __boot2_start__ = .
 *(.boot2)
 .boot2         0x0000000010000000      0x100 /tmp/ccmGn8wh.o
                0x0000000010000100                __boot2_end__ = .
                0x0000000000000001                ASSERT (((__boot2_end__ - __boot2_start__) == 0x100), ERROR: Pico second stage bootloader must be 256 bytes in size)

.text           0x0000000010000100    0x17038
                0x0000000010000100                __logical_binary_start = .
 *(.vectors)
 .vectors       0x0000000010000100       0xd4 CMakeFiles/pico2.dir/home/kirill/pico/pico-sdk/src/rp2_common/pico_standard_link/crt0.S.obj
                0x0000000010000100                __vectors
                0x0000000010000100                __VECTOR_TABLE
                0x00000000100001c0                isr_invalid
                0x00000000100001c0                __default_isrs_start
                0x00000000100001c2                isr_nmi
                0x00000000100001c4                isr_hardfault
                0x00000000100001c6                isr_svcall
                0x00000000100001c8                isr_pendsv
                0x00000000100001ca                isr_systick
                0x00000000100001cc                isr_irq30
                0x00000000100001cc                __unhandled_user_irq
                0x00000000100001cc                isr_irq13
                0x00000000100001cc                isr_irq27
                0x00000000100001cc                isr_irq31
                0x00000000100001cc                isr_irq5
                0x00000000100001cc                isr_irq11
                0x00000000100001cc                isr_irq23
                0x00000000100001cc                isr_irq18
                0x00000000100001cc                isr_irq28
                0x00000000100001cc                isr_irq19
                0x00000000100001cc                isr_irq0
                0x00000000100001cc                isr_irq6
                0x00000000100001cc                isr_irq22
                0x00000000100001cc                isr_irq17
                0x00000000100001cc                isr_irq14
                0x00000000100001cc                isr_irq2
                0x00000000100001cc                isr_irq10
                0x00000000100001cc                isr_irq8
                0x00000000100001cc                isr_irq24
                0x00000000100001cc                isr_irq1
                0x00000000100001cc                isr_irq7
                0x00000000100001cc                isr_irq21
                0x00000000100001cc                isr_irq20
                0x00000000100001cc                isr_irq15
                0x00000000100001cc                isr_irq25
                0x00000000100001cc                isr_irq4
                0x00000000100001cc                isr_irq16
                0x00000000100001cc                isr_irq29
                0x00000000100001cc                isr_irq26
                0x00000000100001cc                __default_isrs_end
                0x00000000100001cc                isr_irq3
                0x00000000100001cc                isr_irq12
                0x00000000100001cc                isr_irq9
                0x00000000100001d2                unhandled_user_irq_num_in_r0
 *(.binary_info_header)
 .binary_info_header
                0x00000000100001d4       0x14 CMakeFiles/pico2.dir/home/kirill/pico/pico-sdk/src/rp2_common/pico_standard_link/crt0.S.obj
                0x00000000100001e8                __binary_info_header_end = .
 *(.reset)
 .reset         0x00000000100001e8       0xa0 CMakeFiles/pico2.dir/home/kirill/pico/pico-sdk/src/rp2_common/pico_standard_link/crt0.S.obj
                0x00000000100001e8                _entry_point
 .reset         0x0000000010000288       0x30 CMakeFiles/pico2.dir/home/kirill/pico/pico-sdk/src/rp2_common/pico_standard_link/binary_info.c.obj
 *(.init)
 .init          0x00000000100002b8        0x4 /usr/lib/gcc/arm-none-eabi/10.3.1/thumb/v6-m/nofp/crti.o
                0x00000000100002b8                _init
 *(EXCLUDE_FILE(*libm.a: *libc.a:*lib_a-mem*.o *libgcc.a:) .text*)
 .text          0x00000000100002bc       0x98 /usr/lib/gcc/arm-none-eabi/10.3.1/thumb/v6-m/nofp/crtbegin.o
 .text._Z27pico_serial_transport_closeP18uxrCustomTransport
                0x0000000010000354        0x4 CMakeFiles/pico2.dir/pico2.cpp.obj
                0x0000000010000354                pico_serial_transport_close(uxrCustomTransport*)
 .text._Z26pico_serial_transport_openP18uxrCustomTransport
                0x0000000010000358        0xa CMakeFiles/pico2.dir/pico2.cpp.obj
                0x0000000010000358                pico_serial_transport_open(uxrCustomTransport*)
 .text._Z27pico_serial_transport_writeP18uxrCustomTransportPKhjPh
                0x0000000010000362       0x2e CMakeFiles/pico2.dir/pico2.cpp.obj
                0x0000000010000362                pico_serial_transport_write(uxrCustomTransport*, unsigned char const*, unsigned int, unsigned char*)
 .text._Z26pico_serial_transport_readP18uxrCustomTransportPhjiS1_
                0x0000000010000390       0x82 CMakeFiles/pico2.dir/pico2.cpp.obj
                0x0000000010000390                pico_serial_transport_read(uxrCustomTransport*, unsigned char*, unsigned int, int, unsigned char*)
 *fill*         0x0000000010000412        0x2 
 .text._Z14timer_callbackP11rcl_timer_sx
                0x0000000010000414       0x20 CMakeFiles/pico2.dir/pico2.cpp.obj
                0x0000000010000414                timer_callback(rcl_timer_s*, long long)
 .text._Z5blinkv
                0x0000000010000434       0x34 CMakeFiles/pico2.dir/pico2.cpp.obj
                0x0000000010000434                blink()
 .text._Z27display_subscriber_callbackPKv
                0x0000000010000468       0x18 CMakeFiles/pico2.dir/pico2.cpp.obj
                0x0000000010000468                display_subscriber_callback(void const*)
 .text._Z27stepper_subscriber_callbackPKv
                0x0000000010000480       0x3c CMakeFiles/pico2.dir/pico2.cpp.obj
                0x0000000010000480                stepper_subscriber_callback(void const*)
 .text.main     0x00000000100004bc      0x144 CMakeFiles/pico2.dir/pico2.cpp.obj
                0x00000000100004bc                main
 .text.gpio_set_function
                0x0000000010000600       0x30 CMakeFiles/pico2.dir/home/kirill/pico/pico-sdk/src/rp2_common/hardware_gpio/gpio.c.obj
                0x0000000010000600                gpio_set_function
 .text.gpio_set_pulls
                0x0000000010000630       0x34 CMakeFiles/pico2.dir/home/kirill/pico/pico-sdk/src/rp2_common/hardware_gpio/gpio.c.obj
                0x0000000010000630                gpio_set_pulls
 .text.gpio_init
                0x0000000010000664       0x16 CMakeFiles/pico2.dir/home/kirill/pico/pico-sdk/src/rp2_common/hardware_gpio/gpio.c.obj
                0x0000000010000664                gpio_init
 *fill*         0x000000001000067a        0x2 
 .text.running_on_fpga
                0x000000001000067c       0x14 CMakeFiles/pico2.dir/home/kirill/pico/pico-sdk/src/rp2_common/pico_platform/platform.c.obj
                0x000000001000067c                running_on_fpga
 .text.hw_claim_lock
                0x0000000010000690       0x18 CMakeFiles/pico2.dir/home/kirill/pico/pico-sdk/src/rp2_common/hardware_claim/claim.c.obj
                0x0000000010000690                hw_claim_lock
 .text.hw_claim_unlock
                0x00000000100006a8       0x14 CMakeFiles/pico2.dir/home/kirill/pico/pico-sdk/src/rp2_common/hardware_claim/claim.c.obj
                0x00000000100006a8                hw_claim_unlock
 .text.hw_claim_or_assert
                0x00000000100006bc       0x32 CMakeFiles/pico2.dir/home/kirill/pico/pico-sdk/src/rp2_common/hardware_claim/claim.c.obj
                0x00000000100006bc                hw_claim_or_assert
 .text.hw_claim_unused_from_range
                0x00000000100006ee       0x50 CMakeFiles/pico2.dir/home/kirill/pico/pico-sdk/src/rp2_common/hardware_claim/claim.c.obj
                0x00000000100006ee                hw_claim_unused_from_range
 *fill*         0x000000001000073e        0x2 
 .text.spin_locks_reset
                0x0000000010000740       0x20 CMakeFiles/pico2.dir/home/kirill/pico/pico-sdk/src/rp2_common/hardware_sync/sync.c.obj
                0x0000000010000740                spin_locks_reset
 .text.next_striped_spin_lock_num
                0x0000000010000760       0x1c CMakeFiles/pico2.dir/home/kirill/pico/pico-sdk/src/rp2_common/hardware_sync/sync.c.obj
                0x0000000010000760                next_striped_spin_lock_num
 .text.spin_lock_claim_unused
                0x000000001000077c       0x20 CMakeFiles/pico2.dir/home/kirill/pico/pico-sdk/src/rp2_common/hardware_sync/sync.c.obj
                0x000000001000077c                spin_lock_claim_unused
 .text.set_raw_irq_handler_and_unlock
                0x000000001000079c       0x28 CMakeFiles/pico2.dir/home/kirill/pico/pico-sdk/src/rp2_common/hardware_irq/irq.c.obj
 .text.make_branch
                0x00000000100007c4       0x48 CMakeFiles/pico2.dir/home/kirill/pico/pico-sdk/src/rp2_common/hardware_irq/irq.c.obj
 .text.insert_branch_and_link
                0x000000001000080c       0x40 CMakeFiles/pico2.dir/home/kirill/pico/pico-sdk/src/rp2_common/hardware_irq/irq.c.obj
 .text.irq_is_enabled
                0x000000001000084c       0x18 CMakeFiles/pico2.dir/home/kirill/pico/pico-sdk/src/rp2_common/hardware_irq/irq.c.obj
                0x000000001000084c                irq_is_enabled
 .text.irq_set_mask_enabled
                0x0000000010000864       0x20 CMakeFiles/pico2.dir/home/kirill/pico/pico-sdk/src/rp2_common/hardware_irq/irq.c.obj
                0x0000000010000864                irq_set_mask_enabled
 .text.irq_set_enabled
                0x0000000010000884        0xe CMakeFiles/pico2.dir/home/kirill/pico/pico-sdk/src/rp2_common/hardware_irq/irq.c.obj
                0x0000000010000884                irq_set_enabled
 *fill*         0x0000000010000892        0x2 
 .text.irq_set_pending
                0x0000000010000894       0x10 CMakeFiles/pico2.dir/home/kirill/pico/pico-sdk/src/rp2_common/hardware_irq/irq.c.obj
                0x0000000010000894                irq_set_pending
 .text.irq_get_vtable_handler
                0x00000000100008a4       0x10 CMakeFiles/pico2.dir/home/kirill/pico/pico-sdk/src/rp2_common/hardware_irq/irq.c.obj
                0x00000000100008a4                irq_get_vtable_handler
 .text.irq_has_shared_handler
                0x00000000100008b4       0x24 CMakeFiles/pico2.dir/home/kirill/pico/pico-sdk/src/rp2_common/hardware_irq/irq.c.obj
                0x00000000100008b4                irq_has_shared_handler
 .text.irq_set_exclusive_handler
                0x00000000100008d8       0x54 CMakeFiles/pico2.dir/home/kirill/pico/pico-sdk/src/rp2_common/hardware_irq/irq.c.obj
                0x00000000100008d8                irq_set_exclusive_handler
 .text.irq_add_shared_handler
                0x000000001000092c      0x234 CMakeFiles/pico2.dir/home/kirill/pico/pico-sdk/src/rp2_common/hardware_irq/irq.c.obj
                0x000000001000092c                irq_add_shared_handler
 .text.irq_remove_handler
                0x0000000010000b60      0x1ac CMakeFiles/pico2.dir/home/kirill/pico/pico-sdk/src/rp2_common/hardware_irq/irq.c.obj
                0x0000000010000b60                irq_remove_handler
 .text.irq_add_tail_to_free_list
                0x0000000010000d0c       0xf0 CMakeFiles/pico2.dir/home/kirill/pico/pico-sdk/src/rp2_common/hardware_irq/irq.c.obj
                0x0000000010000d0c                irq_add_tail_to_free_list
 .text.irq_init_priorities
                0x0000000010000dfc       0x1c CMakeFiles/pico2.dir/home/kirill/pico/pico-sdk/src/rp2_common/hardware_irq/irq.c.obj
                0x0000000010000dfc                irq_init_priorities
 .text.user_irq_claim_unused
                0x0000000010000e18       0x28 CMakeFiles/pico2.dir/home/kirill/pico/pico-sdk/src/rp2_common/hardware_irq/irq.c.obj
                0x0000000010000e18                user_irq_claim_unused
 .text.lock_init
                0x0000000010000e40       0x10 CMakeFiles/pico2.dir/home/kirill/pico/pico-sdk/src/common/pico_sync/lock_core.c.obj
                0x0000000010000e40                lock_init
 .text.mutex_init
                0x0000000010000e50       0x1a CMakeFiles/pico2.dir/home/kirill/pico/pico-sdk/src/common/pico_sync/mutex.c.obj
                0x0000000010000e50                mutex_init
 .text.recursive_mutex_init
                0x0000000010000e6a       0x1e CMakeFiles/pico2.dir/home/kirill/pico/pico-sdk/src/common/pico_sync/mutex.c.obj
                0x0000000010000e6a                recursive_mutex_init
 .text.critical_section_init_with_lock_num
                0x0000000010000e88       0x14 CMakeFiles/pico2.dir/home/kirill/pico/pico-sdk/src/common/pico_sync/critical_section.c.obj
                0x0000000010000e88                critical_section_init_with_lock_num
 .text.critical_section_init
                0x0000000010000e9c       0x14 CMakeFiles/pico2.dir/home/kirill/pico/pico-sdk/src/common/pico_sync/critical_section.c.obj
                0x0000000010000e9c                critical_section_init
 .text.alarm_pool_post_alloc_init
                0x0000000010000eb0       0x40 CMakeFiles/pico2.dir/home/kirill/pico/pico-sdk/src/common/pico_time/time.c.obj
 .text.sleep_until_callback
                0x0000000010000ef0       0x30 CMakeFiles/pico2.dir/home/kirill/pico/pico-sdk/src/common/pico_time/time.c.obj
 .text.timer_pool_entry_comparator
                0x0000000010000f20       0x7c CMakeFiles/pico2.dir/home/kirill/pico/pico-sdk/src/common/pico_time/time.c.obj
                0x0000000010000f20                timer_pool_entry_comparator
 .text.ph_add_child_node
                0x0000000010000f9c       0xa4 CMakeFiles/pico2.dir/home/kirill/pico/pico-sdk/src/common/pico_time/time.c.obj
 .text.ph_merge_nodes
                0x0000000010001040       0x3e CMakeFiles/pico2.dir/home/kirill/pico/pico-sdk/src/common/pico_time/time.c.obj
 *fill*         0x000000001000107e        0x2 
 .text.add_alarm_under_lock
                0x0000000010001080      0x174 CMakeFiles/pico2.dir/home/kirill/pico/pico-sdk/src/common/pico_time/time.c.obj
 .text.alarm_pool_alarm_callback
                0x00000000100011f4      0x33c CMakeFiles/pico2.dir/home/kirill/pico/pico-sdk/src/common/pico_time/time.c.obj
 .text.alarm_pool_init_default
                0x0000000010001530       0x40 CMakeFiles/pico2.dir/home/kirill/pico/pico-sdk/src/common/pico_time/time.c.obj
                0x0000000010001530                alarm_pool_init_default
 .text.alarm_pool_get_default
                0x0000000010001570       0x2c CMakeFiles/pico2.dir/home/kirill/pico/pico-sdk/src/common/pico_time/time.c.obj
                0x0000000010001570                alarm_pool_get_default
 .text.alarm_pool_add_alarm_at
                0x000000001000159c      0x168 CMakeFiles/pico2.dir/home/kirill/pico/pico-sdk/src/common/pico_time/time.c.obj
                0x000000001000159c                alarm_pool_add_alarm_at
 .text.alarm_pool_cancel_alarm
                0x0000000010001704       0xf8 CMakeFiles/pico2.dir/home/kirill/pico/pico-sdk/src/common/pico_time/time.c.obj
                0x0000000010001704                alarm_pool_cancel_alarm
 .text.alarm_pool_core_num
                0x00000000100017fc        0x4 CMakeFiles/pico2.dir/home/kirill/pico/pico-sdk/src/common/pico_time/time.c.obj
                0x00000000100017fc                alarm_pool_core_num
 .text.sleep_until
                0x0000000010001800       0xfc CMakeFiles/pico2.dir/home/kirill/pico/pico-sdk/src/common/pico_time/time.c.obj
                0x0000000010001800                sleep_until
 .text.sleep_us
                0x00000000100018fc       0x58 CMakeFiles/pico2.dir/home/kirill/pico/pico-sdk/src/common/pico_time/time.c.obj
                0x00000000100018fc                sleep_us
 .text.sleep_ms
                0x0000000010001954       0x14 CMakeFiles/pico2.dir/home/kirill/pico/pico-sdk/src/common/pico_time/time.c.obj
                0x0000000010001954                sleep_ms
 .text.best_effort_wfe_or_timeout
                0x0000000010001968       0xac CMakeFiles/pico2.dir/home/kirill/pico/pico-sdk/src/common/pico_time/time.c.obj
                0x0000000010001968                best_effort_wfe_or_timeout
 .text.hardware_alarm_irq_handler
                0x0000000010001a14       0x90 CMakeFiles/pico2.dir/home/kirill/pico/pico-sdk/src/rp2_common/hardware_timer/timer.c.obj
 .text.hardware_alarm_claim
                0x0000000010001aa4       0x18 CMakeFiles/pico2.dir/home/kirill/pico/pico-sdk/src/rp2_common/hardware_timer/timer.c.obj
                0x0000000010001aa4                hardware_alarm_claim
 .text.time_us_64
                0x0000000010001abc       0x18 CMakeFiles/pico2.dir/home/kirill/pico/pico-sdk/src/rp2_common/hardware_timer/timer.c.obj
                0x0000000010001abc                time_us_64
 .text.busy_wait_until
                0x0000000010001ad4       0x28 CMakeFiles/pico2.dir/home/kirill/pico/pico-sdk/src/rp2_common/hardware_timer/timer.c.obj
                0x0000000010001ad4                busy_wait_until
 .text.busy_wait_us
                0x0000000010001afc       0x48 CMakeFiles/pico2.dir/home/kirill/pico/pico-sdk/src/rp2_common/hardware_timer/timer.c.obj
                0x0000000010001afc                busy_wait_us
 .text.hardware_alarm_set_callback
                0x0000000010001b44       0x90 CMakeFiles/pico2.dir/home/kirill/pico/pico-sdk/src/rp2_common/hardware_timer/timer.c.obj
                0x0000000010001b44                hardware_alarm_set_callback
 .text.hardware_alarm_set_target
                0x0000000010001bd4       0xe8 CMakeFiles/pico2.dir/home/kirill/pico/pico-sdk/src/rp2_common/hardware_timer/timer.c.obj
                0x0000000010001bd4                hardware_alarm_set_target
 .text.hardware_alarm_cancel
                0x0000000010001cbc       0x40 CMakeFiles/pico2.dir/home/kirill/pico/pico-sdk/src/rp2_common/hardware_timer/timer.c.obj
                0x0000000010001cbc                hardware_alarm_cancel
 .text.ph_add_child_node
                0x0000000010001cfc       0xa4 CMakeFiles/pico2.dir/home/kirill/pico/pico-sdk/src/common/pico_util/pheap.c.obj
 .text.ph_merge_nodes
                0x0000000010001da0       0x3e CMakeFiles/pico2.dir/home/kirill/pico/pico-sdk/src/common/pico_util/pheap.c.obj
 *fill*         0x0000000010001dde        0x2 
 .text.ph_clear
                0x0000000010001de0       0x70 CMakeFiles/pico2.dir/home/kirill/pico/pico-sdk/src/common/pico_util/pheap.c.obj
                0x0000000010001de0                ph_clear
 .text.ph_post_alloc_init
                0x0000000010001e50        0xe CMakeFiles/pico2.dir/home/kirill/pico/pico-sdk/src/common/pico_util/pheap.c.obj
                0x0000000010001e50                ph_post_alloc_init
 *fill*         0x0000000010001e5e        0x2 
 .text.ph_merge_two_pass
                0x0000000010001e60       0xa8 CMakeFiles/pico2.dir/home/kirill/pico/pico-sdk/src/common/pico_util/pheap.c.obj
                0x0000000010001e60                ph_merge_two_pass
 .text.ph_remove_any_head
                0x0000000010001f08      0x128 CMakeFiles/pico2.dir/home/kirill/pico/pico-sdk/src/common/pico_util/pheap.c.obj
 .text.ph_remove_head
                0x0000000010002030       0x14 CMakeFiles/pico2.dir/home/kirill/pico/pico-sdk/src/common/pico_util/pheap.c.obj
                0x0000000010002030                ph_remove_head
 .text.ph_remove_and_free_node
                0x0000000010002044       0xf8 CMakeFiles/pico2.dir/home/kirill/pico/pico-sdk/src/common/pico_util/pheap.c.obj
                0x0000000010002044                ph_remove_and_free_node
 .text.clock_configure
                0x000000001000213c      0x108 CMakeFiles/pico2.dir/home/kirill/pico/pico-sdk/src/rp2_common/hardware_clocks/clocks.c.obj
                0x000000001000213c                clock_configure
 .text.clocks_init
                0x0000000010002244      0x100 CMakeFiles/pico2.dir/home/kirill/pico/pico-sdk/src/rp2_common/hardware_clocks/clocks.c.obj
                0x0000000010002244                clocks_init
 .text.clock_get_hz
                0x0000000010002344        0xc CMakeFiles/pico2.dir/home/kirill/pico/pico-sdk/src/rp2_common/hardware_clocks/clocks.c.obj
                0x0000000010002344                clock_get_hz
 .text.pll_init
                0x0000000010002350      0x120 CMakeFiles/pico2.dir/home/kirill/pico/pico-sdk/src/rp2_common/hardware_pll/pll.c.obj
                0x0000000010002350                pll_init
 .text.watchdog_start_tick
                0x0000000010002470       0x10 CMakeFiles/pico2.dir/home/kirill/pico/pico-sdk/src/rp2_common/hardware_watchdog/watchdog.c.obj
                0x0000000010002470                watchdog_start_tick
 .text.watchdog_update
                0x0000000010002480       0x14 CMakeFiles/pico2.dir/home/kirill/pico/pico-sdk/src/rp2_common/hardware_watchdog/watchdog.c.obj
                0x0000000010002480                watchdog_update
 .text._watchdog_enable
                0x0000000010002494       0x78 CMakeFiles/pico2.dir/home/kirill/pico/pico-sdk/src/rp2_common/hardware_watchdog/watchdog.c.obj
                0x0000000010002494                _watchdog_enable
 .text.watchdog_reboot
                0x000000001000250c       0x48 CMakeFiles/pico2.dir/home/kirill/pico/pico-sdk/src/rp2_common/hardware_watchdog/watchdog.c.obj
                0x000000001000250c                watchdog_reboot
 .text.xosc_init
                0x0000000010002554       0x28 CMakeFiles/pico2.dir/home/kirill/pico/pico-sdk/src/rp2_common/hardware_xosc/xosc.c.obj
                0x0000000010002554                xosc_init
 .text._exit    0x000000001000257c        0x4 CMakeFiles/pico2.dir/home/kirill/pico/pico-sdk/src/rp2_common/pico_runtime/runtime.c.obj
                0x000000001000257c                _exit
 .text._sbrk    0x0000000010002580       0x38 CMakeFiles/pico2.dir/home/kirill/pico/pico-sdk/src/rp2_common/pico_runtime/runtime.c.obj
                0x0000000010002580                _sbrk
 .text.exit     0x00000000100025b8        0x6 CMakeFiles/pico2.dir/home/kirill/pico/pico-sdk/src/rp2_common/pico_runtime/runtime.c.obj
                0x00000000100025b8                exit
 *fill*         0x00000000100025be        0x2 
 .text.__assert_func
                0x00000000100025c0       0x3c CMakeFiles/pico2.dir/home/kirill/pico/pico-sdk/src/rp2_common/pico_runtime/runtime.c.obj
                0x00000000100025c0                __assert_func
 .text.runtime_init
                0x00000000100025fc       0xf8 CMakeFiles/pico2.dir/home/kirill/pico/pico-sdk/src/rp2_common/pico_runtime/runtime.c.obj
                0x00000000100025fc                runtime_init
 .text.panic    0x00000000100026f4       0x30 CMakeFiles/pico2.dir/home/kirill/pico/pico-sdk/src/rp2_common/pico_runtime/runtime.c.obj
                0x00000000100026f4                panic
 .text._out_buffer
                0x0000000010002724        0x8 CMakeFiles/pico2.dir/home/kirill/pico/pico-sdk/src/rp2_common/pico_printf/printf.c.obj
 .text._out_null
                0x000000001000272c        0x2 CMakeFiles/pico2.dir/home/kirill/pico/pico-sdk/src/rp2_common/pico_printf/printf.c.obj
 .text._out_fct
                0x000000001000272e        0xe CMakeFiles/pico2.dir/home/kirill/pico/pico-sdk/src/rp2_common/pico_printf/printf.c.obj
 .text._atoi    0x000000001000273c       0x24 CMakeFiles/pico2.dir/home/kirill/pico/pico-sdk/src/rp2_common/pico_printf/printf.c.obj
 .text._out_rev
                0x0000000010002760       0xae CMakeFiles/pico2.dir/home/kirill/pico/pico-sdk/src/rp2_common/pico_printf/printf.c.obj
 .text._ntoa_format
                0x000000001000280e      0x112 CMakeFiles/pico2.dir/home/kirill/pico/pico-sdk/src/rp2_common/pico_printf/printf.c.obj
 .text._ntoa_long
                0x0000000010002920       0xbc CMakeFiles/pico2.dir/home/kirill/pico/pico-sdk/src/rp2_common/pico_printf/printf.c.obj
 .text._ntoa_long_long
                0x00000000100029dc       0xe2 CMakeFiles/pico2.dir/home/kirill/pico/pico-sdk/src/rp2_common/pico_printf/printf.c.obj
 *fill*         0x0000000010002abe        0x2 
 .text._etoa    0x0000000010002ac0      0x414 CMakeFiles/pico2.dir/home/kirill/pico/pico-sdk/src/rp2_common/pico_printf/printf.c.obj
 .text._ftoa    0x0000000010002ed4      0x354 CMakeFiles/pico2.dir/home/kirill/pico/pico-sdk/src/rp2_common/pico_printf/printf.c.obj
 .text._vsnprintf
                0x0000000010003228      0x624 CMakeFiles/pico2.dir/home/kirill/pico/pico-sdk/src/rp2_common/pico_printf/printf.c.obj
 .text.__wrap_snprintf
                0x000000001000384c       0x28 CMakeFiles/pico2.dir/home/kirill/pico/pico-sdk/src/rp2_common/pico_printf/printf.c.obj
                0x000000001000384c                __wrap_snprintf
 .text.__wrap_vsnprintf
                0x0000000010003874       0x1c CMakeFiles/pico2.dir/home/kirill/pico/pico-sdk/src/rp2_common/pico_printf/printf.c.obj
                0x0000000010003874                __wrap_vsnprintf
 .text.vfctprintf
                0x0000000010003890       0x20 CMakeFiles/pico2.dir/home/kirill/pico/pico-sdk/src/rp2_common/pico_printf/printf.c.obj
                0x0000000010003890                vfctprintf
 .text          0x00000000100038b0       0x10 CMakeFiles/pico2.dir/home/kirill/pico/pico-sdk/src/rp2_common/pico_bit_ops/bit_ops_aeabi.S.obj
 .text.rom_func_lookup
                0x00000000100038c0       0x10 CMakeFiles/pico2.dir/home/kirill/pico/pico-sdk/src/rp2_common/pico_bootrom/bootrom.c.obj
                0x00000000100038c0                rom_func_lookup
 .text.rom_data_lookup
                0x00000000100038d0       0x10 CMakeFiles/pico2.dir/home/kirill/pico/pico-sdk/src/rp2_common/pico_bootrom/bootrom.c.obj
                0x00000000100038d0                rom_data_lookup
 .text.rom_funcs_lookup
                0x00000000100038e0       0x36 CMakeFiles/pico2.dir/home/kirill/pico/pico-sdk/src/rp2_common/pico_bootrom/bootrom.c.obj
                0x00000000100038e0                rom_funcs_lookup
 *fill*         0x0000000010003916        0x2 
 .text.__wrap___aeabi_idiv
                0x0000000010003918       0x50 CMakeFiles/pico2.dir/home/kirill/pico/pico-sdk/src/rp2_common/pico_divider/divider.S.obj
                0x0000000010003918                __wrap___aeabi_idivmod
                0x0000000010003918                divmod_s32s32
                0x0000000010003918                div_s32s32
                0x0000000010003918                __wrap___aeabi_idiv
                0x0000000010003920                divmod_s32s32_unsafe
                0x000000001000394c                divmod_s32s32_savestate
 .text.__wrap___aeabi_uidiv
                0x0000000010003968       0x4c CMakeFiles/pico2.dir/home/kirill/pico/pico-sdk/src/rp2_common/pico_divider/divider.S.obj
                0x0000000010003968                __wrap___aeabi_uidiv
                0x0000000010003968                __wrap___aeabi_uidivmod
                0x0000000010003968                div_u32u32
                0x0000000010003968                divmod_u32u32
                0x0000000010003970                divmod_u32u32_unsafe
                0x0000000010003998                divmod_u32u32_savestate
 .text.__wrap___aeabi_ldiv
                0x00000000100039b4      0x424 CMakeFiles/pico2.dir/home/kirill/pico/pico-sdk/src/rp2_common/pico_divider/divider.S.obj
                0x00000000100039b4                div_s64s64
                0x00000000100039b4                divmod_s64s64
                0x00000000100039b4                __wrap___aeabi_ldivmod
                0x00000000100039e4                div_u64u64
                0x00000000100039e4                divmod_u64u64
                0x00000000100039e4                __wrap___aeabi_uldivmod
                0x00000000100039f4                divmod_u64u64_savestate
                0x0000000010003a14                divmod_s64s64_unsafe
                0x0000000010003a9c                divmod_u64u64_unsafe
 .text.__wrap___aeabi_darithmetic
                0x0000000010003dd8       0x80 CMakeFiles/pico2.dir/home/kirill/pico/pico-sdk/src/rp2_common/pico_double/double_aeabi.S.obj
                0x0000000010003dd8                __wrap___aeabi_drsub
                0x0000000010003dde                __wrap___aeabi_dsub
                0x0000000010003df0                __wrap___aeabi_dadd
                0x0000000010003e02                __wrap___aeabi_ddiv
                0x0000000010003e3e                __wrap___aeabi_dmul
 .text.__wrap___aeabi_cdcmple
                0x0000000010003e58       0x6c CMakeFiles/pico2.dir/home/kirill/pico/pico-sdk/src/rp2_common/pico_double/double_aeabi.S.obj
                0x0000000010003e58                __wrap___aeabi_cdrcmple
                0x0000000010003e68                __wrap___aeabi_cdcmple
                0x0000000010003e68                __wrap___aeabi_cdcmpeq
 .text.__wrap___aeabi_dcmplt
                0x0000000010003ec4        0xc CMakeFiles/pico2.dir/home/kirill/pico/pico-sdk/src/rp2_common/pico_double/double_aeabi.S.obj
                0x0000000010003ec4                __wrap___aeabi_dcmplt
 .text.__wrap___aeabi_dcmple
                0x0000000010003ed0       0x10 CMakeFiles/pico2.dir/home/kirill/pico/pico-sdk/src/rp2_common/pico_double/double_aeabi.S.obj
                0x0000000010003ed0                __wrap___aeabi_dcmple
 .text.__wrap___aeabi_dcmpge
                0x0000000010003ee0       0x10 CMakeFiles/pico2.dir/home/kirill/pico/pico-sdk/src/rp2_common/pico_double/double_aeabi.S.obj
                0x0000000010003ee0                __wrap___aeabi_dcmpge
 .text.__wrap___aeabi_dcmpgt
                0x0000000010003ef0        0xa CMakeFiles/pico2.dir/home/kirill/pico/pico-sdk/src/rp2_common/pico_double/double_aeabi.S.obj
                0x0000000010003ef0                __wrap___aeabi_dcmpgt
 .text.__wrap___aeabi_dcmpun
                0x0000000010003efa       0x1c CMakeFiles/pico2.dir/home/kirill/pico/pico-sdk/src/rp2_common/pico_double/double_aeabi.S.obj
                0x0000000010003efa                __wrap___aeabi_dcmpun
 *fill*         0x0000000010003f16        0x2 
 .text.__wrap___aeabi_i2d
                0x0000000010003f18       0x38 CMakeFiles/pico2.dir/home/kirill/pico/pico-sdk/src/rp2_common/pico_double/double_aeabi.S.obj
                0x0000000010003f18                __wrap___aeabi_ui2d
                0x0000000010003f20                __wrap___aeabi_i2d
 .text.__wrap___aeabi_d2iz
                0x0000000010003f50       0x48 CMakeFiles/pico2.dir/home/kirill/pico/pico-sdk/src/rp2_common/pico_double/double_aeabi.S.obj
                0x0000000010003f50                __wrap___aeabi_d2iz
                0x0000000010003f50                double2int_z
 .text.__wrap___aeabi_d2uiz
                0x0000000010003f98       0x18 CMakeFiles/pico2.dir/home/kirill/pico/pico-sdk/src/rp2_common/pico_double/double_aeabi.S.obj
                0x0000000010003f98                double2uint
                0x0000000010003f98                __wrap___aeabi_d2uiz
 .text.__aeabi_double_init
                0x0000000010003fb0       0xc8 CMakeFiles/pico2.dir/home/kirill/pico/pico-sdk/src/rp2_common/pico_double/double_init_rom.c.obj
                0x0000000010003fb0                __aeabi_double_init
 .text.double_table_shim_on_use_helper
                0x0000000010004078       0x34 CMakeFiles/pico2.dir/home/kirill/pico/pico-sdk/src/rp2_common/pico_double/double_v1_rom_shim.S.obj
                0x0000000010004078                double_table_shim_on_use_helper
 .text.__wrap___aeabi_dsub
                0x00000000100040ac       0x10 CMakeFiles/pico2.dir/home/kirill/pico/pico-sdk/src/rp2_common/pico_double/double_v1_rom_shim.S.obj
                0x00000000100040ac                drsub_shim
                0x00000000100040b2                dsub_shim
 .text.dadd_shim
                0x00000000100040bc      0x15c CMakeFiles/pico2.dir/home/kirill/pico/pico-sdk/src/rp2_common/pico_double/double_v1_rom_shim.S.obj
                0x00000000100040bc                dadd_shim
 .text.dmul_shim
                0x0000000010004218      0x15c CMakeFiles/pico2.dir/home/kirill/pico/pico-sdk/src/rp2_common/pico_double/double_v1_rom_shim.S.obj
                0x0000000010004218                dmul_shim
 .text.ddiv_shim
                0x0000000010004374      0x1b0 CMakeFiles/pico2.dir/home/kirill/pico/pico-sdk/src/rp2_common/pico_double/double_v1_rom_shim.S.obj
                0x0000000010004374                ddiv_shim
 .text.double2uint_shim
                0x0000000010004524        0xe CMakeFiles/pico2.dir/home/kirill/pico/pico-sdk/src/rp2_common/pico_double/double_v1_rom_shim.S.obj
                0x0000000010004524                double2uint_shim
                0x0000000010004526                double2ufix_shim
 *fill*         0x0000000010004532        0x2 
 .text.double2uint64_shim
                0x0000000010004534       0x70 CMakeFiles/pico2.dir/home/kirill/pico/pico-sdk/src/rp2_common/pico_double/double_v1_rom_shim.S.obj
                0x0000000010004534                double2uint64_shim
                0x0000000010004536                double2ufix64_shim
                0x0000000010004556                d2fix_a
 .text.dunpacks
                0x00000000100045a4       0x3c CMakeFiles/pico2.dir/home/kirill/pico/pico-sdk/src/rp2_common/pico_double/double_v1_rom_shim.S.obj
                0x00000000100045a4                dunpacks
 .text.__aeabi_lmul
                0x00000000100045e0       0x32 CMakeFiles/pico2.dir/home/kirill/pico/pico-sdk/src/rp2_common/pico_int64_ops/pico_int64_ops_aeabi.S.obj
                0x00000000100045e0                __wrap___aeabi_lmul
 *fill*         0x0000000010004612        0x2 
 .text.__wrap___aeabi_farithmetic
                0x0000000010004614       0x58 CMakeFiles/pico2.dir/home/kirill/pico/pico-sdk/src/rp2_common/pico_float/float_aeabi.S.obj
                0x0000000010004614                __wrap___aeabi_frsub
                0x000000001000461a                __wrap___aeabi_fsub
                0x0000000010004624                __wrap___aeabi_fadd
                0x000000001000462e                __wrap___aeabi_fdiv
                0x000000001000465a                __wrap___aeabi_fmul
 .text.__wrap___aeabi_ui2f
                0x000000001000466c        0xa CMakeFiles/pico2.dir/home/kirill/pico/pico-sdk/src/rp2_common/pico_float/float_aeabi.S.obj
                0x000000001000466c                __wrap___aeabi_ui2f
 *fill*         0x0000000010004676        0x2 
 .text.__wrap___aeabi_i2f
                0x0000000010004678       0x44 CMakeFiles/pico2.dir/home/kirill/pico/pico-sdk/src/rp2_common/pico_float/float_aeabi.S.obj
                0x0000000010004678                __wrap___aeabi_i2f
 .text.__wrap___aeabi_f2iz
                0x00000000100046bc       0x4e CMakeFiles/pico2.dir/home/kirill/pico/pico-sdk/src/rp2_common/pico_float/float_aeabi.S.obj
                0x00000000100046bc                __wrap___aeabi_f2iz
                0x00000000100046bc                float2int_z
 *fill*         0x000000001000470a        0x2 
 .text.float2int
                0x000000001000470c       0x14 CMakeFiles/pico2.dir/home/kirill/pico/pico-sdk/src/rp2_common/pico_float/float_aeabi.S.obj
                0x000000001000470c                float2int
 .text.__wrap___aeabi_f2uiz
                0x0000000010004720       0x10 CMakeFiles/pico2.dir/home/kirill/pico/pico-sdk/src/rp2_common/pico_float/float_aeabi.S.obj
                0x0000000010004720                __wrap___aeabi_f2uiz
 .text.__aeabi_float_init
                0x0000000010004730       0xfc CMakeFiles/pico2.dir/home/kirill/pico/pico-sdk/src/rp2_common/pico_float/float_init_rom.c.obj
                0x0000000010004730                __aeabi_float_init
 .text.float_table_shim_on_use_helper
                0x000000001000482c       0x34 CMakeFiles/pico2.dir/home/kirill/pico/pico-sdk/src/rp2_common/pico_float/float_v1_rom_shim.S.obj
                0x000000001000482c                float_table_shim_on_use_helper
 .text.float232_shims
                0x0000000010004860       0x18 CMakeFiles/pico2.dir/home/kirill/pico/pico-sdk/src/rp2_common/pico_float/float_v1_rom_shim.S.obj
                0x0000000010004860                float2int_shim
                0x0000000010004862                float2fix_shim
 .text.__wrap_malloc
                0x0000000010004878       0x24 CMakeFiles/pico2.dir/home/kirill/pico/pico-sdk/src/rp2_common/pico_malloc/pico_malloc.c.obj
                0x0000000010004878                __wrap_malloc
 .text.__wrap_calloc
                0x000000001000489c       0x24 CMakeFiles/pico2.dir/home/kirill/pico/pico-sdk/src/rp2_common/pico_malloc/pico_malloc.c.obj
                0x000000001000489c                __wrap_calloc
 .text.__wrap_realloc
                0x00000000100048c0       0x24 CMakeFiles/pico2.dir/home/kirill/pico/pico-sdk/src/rp2_common/pico_malloc/pico_malloc.c.obj
                0x00000000100048c0                __wrap_realloc
 .text.__wrap_free
                0x00000000100048e4        0x8 CMakeFiles/pico2.dir/home/kirill/pico/pico-sdk/src/rp2_common/pico_malloc/pico_malloc.c.obj
                0x00000000100048e4                __wrap_free
 .text          0x00000000100048ec       0x10 CMakeFiles/pico2.dir/home/kirill/pico/pico-sdk/src/rp2_common/pico_mem_ops/mem_ops_aeabi.S.obj
                0x00000000100048ec                __aeabi_mem_init
 .text.memset   0x00000000100048fc        0xc CMakeFiles/pico2.dir/home/kirill/pico/pico-sdk/src/rp2_common/pico_mem_ops/mem_ops_aeabi.S.obj
                0x00000000100048fc                __wrap_memset
 .text.memcpy   0x0000000010004908        0xc CMakeFiles/pico2.dir/home/kirill/pico/pico-sdk/src/rp2_common/pico_mem_ops/mem_ops_aeabi.S.obj
                0x0000000010004908                __wrap___aeabi_memcpy
                0x0000000010004908                __wrap_memcpy
 .text.stdio_out_chars_no_crlf
                0x0000000010004914        0xe CMakeFiles/pico2.dir/home/kirill/pico/pico-sdk/src/rp2_common/pico_stdio/stdio.c.obj
 .text.stdio_out_chars_crlf
                0x0000000010004922        0xe CMakeFiles/pico2.dir/home/kirill/pico/pico-sdk/src/rp2_common/pico_stdio/stdio.c.obj
 .text.stdio_stack_buffer_flush
                0x0000000010004930       0x44 CMakeFiles/pico2.dir/home/kirill/pico/pico-sdk/src/rp2_common/pico_stdio/stdio.c.obj
 .text.stdio_buffered_printer
                0x0000000010004974       0x20 CMakeFiles/pico2.dir/home/kirill/pico/pico-sdk/src/rp2_common/pico_stdio/stdio.c.obj
 .text.stdio_get_until
                0x0000000010004994       0x80 CMakeFiles/pico2.dir/home/kirill/pico/pico-sdk/src/rp2_common/pico_stdio/stdio.c.obj
 .text.stdout_serialize_begin
                0x0000000010004a14       0x5c CMakeFiles/pico2.dir/home/kirill/pico/pico-sdk/src/rp2_common/pico_stdio/stdio.c.obj
                0x0000000010004a14                stdout_serialize_begin
 .text.stdout_serialize_end
                0x0000000010004a70       0x10 CMakeFiles/pico2.dir/home/kirill/pico/pico-sdk/src/rp2_common/pico_stdio/stdio.c.obj
                0x0000000010004a70                stdout_serialize_end
 .text.stdio_put_string
                0x0000000010004a80       0x98 CMakeFiles/pico2.dir/home/kirill/pico/pico-sdk/src/rp2_common/pico_stdio/stdio.c.obj
 .text.__wrap_putchar
                0x0000000010004b18       0x1c CMakeFiles/pico2.dir/home/kirill/pico/pico-sdk/src/rp2_common/pico_stdio/stdio.c.obj
                0x0000000010004b18                __wrap_putchar
 .text.stdio_set_driver_enabled
                0x0000000010004b34       0x2c CMakeFiles/pico2.dir/home/kirill/pico/pico-sdk/src/rp2_common/pico_stdio/stdio.c.obj
                0x0000000010004b34                stdio_set_driver_enabled
 .text.stdio_flush
                0x0000000010004b60       0x20 CMakeFiles/pico2.dir/home/kirill/pico/pico-sdk/src/rp2_common/pico_stdio/stdio.c.obj
                0x0000000010004b60                stdio_flush
 .text.__wrap_puts
                0x0000000010004b80       0x1e CMakeFiles/pico2.dir/home/kirill/pico/pico-sdk/src/rp2_common/pico_stdio/stdio.c.obj
                0x0000000010004b80                __wrap_puts
 *fill*         0x0000000010004b9e        0x2 
 .text.__wrap_vprintf
                0x0000000010004ba0       0x40 CMakeFiles/pico2.dir/home/kirill/pico/pico-sdk/src/rp2_common/pico_stdio/stdio.c.obj
                0x0000000010004ba0                __wrap_vprintf
 .text.__wrap_printf
                0x0000000010004be0       0x18 CMakeFiles/pico2.dir/home/kirill/pico/pico-sdk/src/rp2_common/pico_stdio/stdio.c.obj
                0x0000000010004be0                __wrap_printf
 .text.stdio_init_all
                0x0000000010004bf8        0x8 CMakeFiles/pico2.dir/home/kirill/pico/pico-sdk/src/rp2_common/pico_stdio/stdio.c.obj
                0x0000000010004bf8                stdio_init_all
 .text.getchar_timeout_us
                0x0000000010004c00       0x80 CMakeFiles/pico2.dir/home/kirill/pico/pico-sdk/src/rp2_common/pico_stdio/stdio.c.obj
                0x0000000010004c00                getchar_timeout_us
 .text.resetd_init
                0x0000000010004c80        0x2 CMakeFiles/pico2.dir/home/kirill/pico/pico-sdk/src/rp2_common/pico_stdio_usb/reset_interface.c.obj
 *fill*         0x0000000010004c82        0x2 
 .text.resetd_reset
                0x0000000010004c84        0xc CMakeFiles/pico2.dir/home/kirill/pico/pico-sdk/src/rp2_common/pico_stdio_usb/reset_interface.c.obj
 .text.resetd_open
                0x0000000010004c90       0x34 CMakeFiles/pico2.dir/home/kirill/pico/pico-sdk/src/rp2_common/pico_stdio_usb/reset_interface.c.obj
 .text.resetd_xfer_cb
                0x0000000010004cc4        0x4 CMakeFiles/pico2.dir/home/kirill/pico/pico-sdk/src/rp2_common/pico_stdio_usb/reset_interface.c.obj
 .text.reset_usb_boot
                0x0000000010004cc8       0x18 CMakeFiles/pico2.dir/home/kirill/pico/pico-sdk/src/rp2_common/pico_stdio_usb/reset_interface.c.obj
 .text.resetd_control_xfer_cb
                0x0000000010004ce0       0x5c CMakeFiles/pico2.dir/home/kirill/pico/pico-sdk/src/rp2_common/pico_stdio_usb/reset_interface.c.obj
 .text.usbd_app_driver_get_cb
                0x0000000010004d3c        0xc CMakeFiles/pico2.dir/home/kirill/pico/pico-sdk/src/rp2_common/pico_stdio_usb/reset_interface.c.obj
                0x0000000010004d3c                usbd_app_driver_get_cb
 .text.tud_cdc_line_coding_cb
                0x0000000010004d48       0x28 CMakeFiles/pico2.dir/home/kirill/pico/pico-sdk/src/rp2_common/pico_stdio_usb/reset_interface.c.obj
                0x0000000010004d48                tud_cdc_line_coding_cb
 .text.stdio_usb_set_chars_available_callback
                0x0000000010004d70       0x14 CMakeFiles/pico2.dir/home/kirill/pico/pico-sdk/src/rp2_common/pico_stdio_usb/stdio_usb.c.obj
                0x0000000010004d70                stdio_usb_set_chars_available_callback
 .text.usb_irq  0x0000000010004d84       0x10 CMakeFiles/pico2.dir/home/kirill/pico/pico-sdk/src/rp2_common/pico_stdio_usb/stdio_usb.c.obj
 .text.timer_task
                0x0000000010004d94       0x5c CMakeFiles/pico2.dir/home/kirill/pico/pico-sdk/src/rp2_common/pico_stdio_usb/stdio_usb.c.obj
 .text.low_priority_worker_irq
                0x0000000010004df0       0xdc CMakeFiles/pico2.dir/home/kirill/pico/pico-sdk/src/rp2_common/pico_stdio_usb/stdio_usb.c.obj
 .text.tud_cdc_rx_cb
                0x0000000010004ecc       0x20 CMakeFiles/pico2.dir/home/kirill/pico/pico-sdk/src/rp2_common/pico_stdio_usb/stdio_usb.c.obj
                0x0000000010004ecc                tud_cdc_rx_cb
 .text.stdio_usb_init
                0x0000000010004eec      0x11c CMakeFiles/pico2.dir/home/kirill/pico/pico-sdk/src/rp2_common/pico_stdio_usb/stdio_usb.c.obj
                0x0000000010004eec                stdio_usb_init
 .text.stdio_usb_connected
                0x0000000010005008        0xa CMakeFiles/pico2.dir/home/kirill/pico/pico-sdk/src/rp2_common/pico_stdio_usb/stdio_usb.c.obj
                0x0000000010005008                stdio_usb_connected
 *fill*         0x0000000010005012        0x2 
 .text.stdio_usb_in_chars
                0x0000000010005014       0xc4 CMakeFiles/pico2.dir/home/kirill/pico/pico-sdk/src/rp2_common/pico_stdio_usb/stdio_usb.c.obj
                0x0000000010005014                stdio_usb_in_chars
 .text.stdio_usb_out_chars
                0x00000000100050d8      0x114 CMakeFiles/pico2.dir/home/kirill/pico/pico-sdk/src/rp2_common/pico_stdio_usb/stdio_usb.c.obj
 .text.tud_descriptor_device_cb
                0x00000000100051ec        0x8 CMakeFiles/pico2.dir/home/kirill/pico/pico-sdk/src/rp2_common/pico_stdio_usb/stdio_usb_descriptors.c.obj
                0x00000000100051ec                tud_descriptor_device_cb
 .text.tud_descriptor_configuration_cb
                0x00000000100051f4        0x8 CMakeFiles/pico2.dir/home/kirill/pico/pico-sdk/src/rp2_common/pico_stdio_usb/stdio_usb_descriptors.c.obj
                0x00000000100051f4                tud_descriptor_configuration_cb
 .text.tud_descriptor_string_cb
                0x00000000100051fc       0x6c CMakeFiles/pico2.dir/home/kirill/pico/pico-sdk/src/rp2_common/pico_stdio_usb/stdio_usb_descriptors.c.obj
                0x00000000100051fc                tud_descriptor_string_cb
 .text._retrieve_unique_id_on_boot
                0x0000000010005268       0x10 CMakeFiles/pico2.dir/home/kirill/pico/pico-sdk/src/rp2_common/pico_unique_id/unique_id.c.obj
 .text.pico_get_unique_board_id_string
                0x0000000010005278       0x60 CMakeFiles/pico2.dir/home/kirill/pico/pico-sdk/src/rp2_common/pico_unique_id/unique_id.c.obj
                0x0000000010005278                pico_get_unique_board_id_string
 .text.flash_get_unique_id
                0x00000000100052d8       0x46 CMakeFiles/pico2.dir/home/kirill/pico/pico-sdk/src/rp2_common/hardware_flash/flash.c.obj
                0x00000000100052d8                flash_get_unique_id
 *fill*         0x000000001000531e        0x2 
 .text.hw_endpoint_get_by_addr
                0x0000000010005320       0x18 CMakeFiles/pico2.dir/home/kirill/pico/pico-sdk/lib/tinyusb/src/portable/raspberrypi/rp2040/dcd_rp2040.c.obj
 .text._hw_endpoint_alloc
                0x0000000010005338       0x70 CMakeFiles/pico2.dir/home/kirill/pico/pico-sdk/lib/tinyusb/src/portable/raspberrypi/rp2040/dcd_rp2040.c.obj
 .text.hw_endpoint_init
                0x00000000100053a8       0x88 CMakeFiles/pico2.dir/home/kirill/pico/pico-sdk/lib/tinyusb/src/portable/raspberrypi/rp2040/dcd_rp2040.c.obj
 .text.hw_endpoint_xfer
                0x0000000010005430       0x14 CMakeFiles/pico2.dir/home/kirill/pico/pico-sdk/lib/tinyusb/src/portable/raspberrypi/rp2040/dcd_rp2040.c.obj
 .text.dcd_int_enable
                0x0000000010005444       0x2c CMakeFiles/pico2.dir/home/kirill/pico/pico-sdk/lib/tinyusb/src/portable/raspberrypi/rp2040/dcd_rp2040.c.obj
                0x0000000010005444                dcd_int_enable
 .text.dcd_set_address
                0x0000000010005470       0x2c CMakeFiles/pico2.dir/home/kirill/pico/pico-sdk/lib/tinyusb/src/portable/raspberrypi/rp2040/dcd_rp2040.c.obj
                0x0000000010005470                dcd_set_address
 .text.dcd_connect
                0x000000001000549c       0x10 CMakeFiles/pico2.dir/home/kirill/pico/pico-sdk/lib/tinyusb/src/portable/raspberrypi/rp2040/dcd_rp2040.c.obj
                0x000000001000549c                dcd_connect
 .text.dcd_init
                0x00000000100054ac       0x80 CMakeFiles/pico2.dir/home/kirill/pico/pico-sdk/lib/tinyusb/src/portable/raspberrypi/rp2040/dcd_rp2040.c.obj
                0x00000000100054ac                dcd_init
 .text.dcd_edpt0_status_complete
                0x000000001000552c       0x1c CMakeFiles/pico2.dir/home/kirill/pico/pico-sdk/lib/tinyusb/src/portable/raspberrypi/rp2040/dcd_rp2040.c.obj
                0x000000001000552c                dcd_edpt0_status_complete
 .text.dcd_edpt_open
                0x0000000010005548       0x40 CMakeFiles/pico2.dir/home/kirill/pico/pico-sdk/lib/tinyusb/src/portable/raspberrypi/rp2040/dcd_rp2040.c.obj
                0x0000000010005548                dcd_edpt_open
 .text.dcd_edpt_close_all
                0x0000000010005588        0x8 CMakeFiles/pico2.dir/home/kirill/pico/pico-sdk/lib/tinyusb/src/portable/raspberrypi/rp2040/dcd_rp2040.c.obj
                0x0000000010005588                dcd_edpt_close_all
 .text.dcd_edpt_xfer
                0x0000000010005590       0x34 CMakeFiles/pico2.dir/home/kirill/pico/pico-sdk/lib/tinyusb/src/portable/raspberrypi/rp2040/dcd_rp2040.c.obj
                0x0000000010005590                dcd_edpt_xfer
 .text.dcd_edpt_stall
                0x00000000100055c4       0x2c CMakeFiles/pico2.dir/home/kirill/pico/pico-sdk/lib/tinyusb/src/portable/raspberrypi/rp2040/dcd_rp2040.c.obj
                0x00000000100055c4                dcd_edpt_stall
 .text.dcd_edpt_clear_stall
                0x00000000100055f0       0x20 CMakeFiles/pico2.dir/home/kirill/pico/pico-sdk/lib/tinyusb/src/portable/raspberrypi/rp2040/dcd_rp2040.c.obj
                0x00000000100055f0                dcd_edpt_clear_stall
 .text.rp2040_usb_init
                0x0000000010005610       0x4c CMakeFiles/pico2.dir/home/kirill/pico/pico-sdk/lib/tinyusb/src/portable/raspberrypi/rp2040/rp2040_usb.c.obj
                0x0000000010005610                rp2040_usb_init
 .text.hw_endpoint_xfer_start
                0x000000001000565c       0x50 CMakeFiles/pico2.dir/home/kirill/pico/pico-sdk/lib/tinyusb/src/portable/raspberrypi/rp2040/rp2040_usb.c.obj
                0x000000001000565c                hw_endpoint_xfer_start
 .text.configuration_reset
                0x00000000100056ac       0x84 CMakeFiles/pico2.dir/home/kirill/pico/pico-sdk/lib/tinyusb/src/device/usbd.c.obj
 .text.usbd_reset
                0x0000000010005730        0xc CMakeFiles/pico2.dir/home/kirill/pico/pico-sdk/lib/tinyusb/src/device/usbd.c.obj
 .text.invoke_class_control
                0x000000001000573c       0x1a CMakeFiles/pico2.dir/home/kirill/pico/pico-sdk/lib/tinyusb/src/device/usbd.c.obj
 *fill*         0x0000000010005756        0x2 
 .text.process_set_config
                0x0000000010005758      0x178 CMakeFiles/pico2.dir/home/kirill/pico/pico-sdk/lib/tinyusb/src/device/usbd.c.obj
 .text.process_get_descriptor
                0x00000000100058d0       0xdc CMakeFiles/pico2.dir/home/kirill/pico/pico-sdk/lib/tinyusb/src/device/usbd.c.obj
 .text.tud_mounted
                0x00000000100059ac       0x10 CMakeFiles/pico2.dir/home/kirill/pico/pico-sdk/lib/tinyusb/src/device/usbd.c.obj
                0x00000000100059ac                tud_mounted
 .text.tud_suspended
                0x00000000100059bc       0x10 CMakeFiles/pico2.dir/home/kirill/pico/pico-sdk/lib/tinyusb/src/device/usbd.c.obj
                0x00000000100059bc                tud_suspended
 .text.tud_inited
                0x00000000100059cc       0x14 CMakeFiles/pico2.dir/home/kirill/pico/pico-sdk/lib/tinyusb/src/device/usbd.c.obj
                0x00000000100059cc                tud_inited
 .text.tud_init
                0x00000000100059e0       0xcc CMakeFiles/pico2.dir/home/kirill/pico/pico-sdk/lib/tinyusb/src/device/usbd.c.obj
                0x00000000100059e0                tud_init
 .text.usbd_defer_func
                0x0000000010005aac       0x2a CMakeFiles/pico2.dir/home/kirill/pico/pico-sdk/lib/tinyusb/src/device/usbd.c.obj
                0x0000000010005aac                usbd_defer_func
 *fill*         0x0000000010005ad6        0x2 
 .text.usbd_edpt_open
                0x0000000010005ad8       0x34 CMakeFiles/pico2.dir/home/kirill/pico/pico-sdk/lib/tinyusb/src/device/usbd.c.obj
                0x0000000010005ad8                usbd_edpt_open
 .text.usbd_open_edpt_pair
                0x0000000010005b0c       0x62 CMakeFiles/pico2.dir/home/kirill/pico/pico-sdk/lib/tinyusb/src/device/usbd.c.obj
                0x0000000010005b0c                usbd_open_edpt_pair
 *fill*         0x0000000010005b6e        0x2 
 .text.usbd_edpt_claim
                0x0000000010005b70       0x28 CMakeFiles/pico2.dir/home/kirill/pico/pico-sdk/lib/tinyusb/src/device/usbd.c.obj
                0x0000000010005b70                usbd_edpt_claim
 .text.usbd_edpt_release
                0x0000000010005b98       0x28 CMakeFiles/pico2.dir/home/kirill/pico/pico-sdk/lib/tinyusb/src/device/usbd.c.obj
                0x0000000010005b98                usbd_edpt_release
 .text.usbd_edpt_xfer
                0x0000000010005bc0       0x78 CMakeFiles/pico2.dir/home/kirill/pico/pico-sdk/lib/tinyusb/src/device/usbd.c.obj
                0x0000000010005bc0                usbd_edpt_xfer
 .text.usbd_edpt_stall
                0x0000000010005c38       0x48 CMakeFiles/pico2.dir/home/kirill/pico/pico-sdk/lib/tinyusb/src/device/usbd.c.obj
                0x0000000010005c38                usbd_edpt_stall
 .text.usbd_edpt_clear_stall
                0x0000000010005c80       0x48 CMakeFiles/pico2.dir/home/kirill/pico/pico-sdk/lib/tinyusb/src/device/usbd.c.obj
                0x0000000010005c80                usbd_edpt_clear_stall
 .text.usbd_edpt_stalled
                0x0000000010005cc8       0x1c CMakeFiles/pico2.dir/home/kirill/pico/pico-sdk/lib/tinyusb/src/device/usbd.c.obj
                0x0000000010005cc8                usbd_edpt_stalled
 .text.process_control_request
                0x0000000010005ce4      0x37c CMakeFiles/pico2.dir/home/kirill/pico/pico-sdk/lib/tinyusb/src/device/usbd.c.obj
 .text.tud_task_ext
                0x0000000010006060      0x1b8 CMakeFiles/pico2.dir/home/kirill/pico/pico-sdk/lib/tinyusb/src/device/usbd.c.obj
                0x0000000010006060                tud_task_ext
 .text._data_stage_xact
                0x0000000010006218       0x58 CMakeFiles/pico2.dir/home/kirill/pico/pico-sdk/lib/tinyusb/src/device/usbd_control.c.obj
 .text.tud_control_status
                0x0000000010006270       0x38 CMakeFiles/pico2.dir/home/kirill/pico/pico-sdk/lib/tinyusb/src/device/usbd_control.c.obj
                0x0000000010006270                tud_control_status
 .text.tud_control_xfer
                0x00000000100062a8       0x74 CMakeFiles/pico2.dir/home/kirill/pico/pico-sdk/lib/tinyusb/src/device/usbd_control.c.obj
                0x00000000100062a8                tud_control_xfer
 .text.usbd_control_reset
                0x000000001000631c       0x14 CMakeFiles/pico2.dir/home/kirill/pico/pico-sdk/lib/tinyusb/src/device/usbd_control.c.obj
                0x000000001000631c                usbd_control_reset
 .text.usbd_control_set_complete_callback
                0x0000000010006330        0xc CMakeFiles/pico2.dir/home/kirill/pico/pico-sdk/lib/tinyusb/src/device/usbd_control.c.obj
                0x0000000010006330                usbd_control_set_complete_callback
 .text.usbd_control_set_request
                0x000000001000633c       0x1c CMakeFiles/pico2.dir/home/kirill/pico/pico-sdk/lib/tinyusb/src/device/usbd_control.c.obj
                0x000000001000633c                usbd_control_set_request
 .text.usbd_control_xfer_cb
                0x0000000010006358       0xcc CMakeFiles/pico2.dir/home/kirill/pico/pico-sdk/lib/tinyusb/src/device/usbd_control.c.obj
                0x0000000010006358                usbd_control_xfer_cb
 .text._prep_out_transaction
                0x0000000010006424       0x4a CMakeFiles/pico2.dir/home/kirill/pico/pico-sdk/lib/tinyusb/src/class/cdc/cdc_device.c.obj
 *fill*         0x000000001000646e        0x2 
 .text.tud_cdc_n_connected
                0x0000000010006470       0x44 CMakeFiles/pico2.dir/home/kirill/pico/pico-sdk/lib/tinyusb/src/class/cdc/cdc_device.c.obj
                0x0000000010006470                tud_cdc_n_connected
 .text.tud_cdc_n_available
                0x00000000100064b4       0x18 CMakeFiles/pico2.dir/home/kirill/pico/pico-sdk/lib/tinyusb/src/class/cdc/cdc_device.c.obj
                0x00000000100064b4                tud_cdc_n_available
 .text.tud_cdc_n_read
                0x00000000100064cc       0x28 CMakeFiles/pico2.dir/home/kirill/pico/pico-sdk/lib/tinyusb/src/class/cdc/cdc_device.c.obj
                0x00000000100064cc                tud_cdc_n_read
 .text.tud_cdc_n_write_flush
                0x00000000100064f4       0xb8 CMakeFiles/pico2.dir/home/kirill/pico/pico-sdk/lib/tinyusb/src/class/cdc/cdc_device.c.obj
                0x00000000100064f4                tud_cdc_n_write_flush
 .text.tud_cdc_n_write
                0x00000000100065ac       0x38 CMakeFiles/pico2.dir/home/kirill/pico/pico-sdk/lib/tinyusb/src/class/cdc/cdc_device.c.obj
                0x00000000100065ac                tud_cdc_n_write
 .text.tud_cdc_n_write_available
                0x00000000100065e4       0x1c CMakeFiles/pico2.dir/home/kirill/pico/pico-sdk/lib/tinyusb/src/class/cdc/cdc_device.c.obj
                0x00000000100065e4                tud_cdc_n_write_available
 .text.cdcd_init
                0x0000000010006600       0xbc CMakeFiles/pico2.dir/home/kirill/pico/pico-sdk/lib/tinyusb/src/class/cdc/cdc_device.c.obj
                0x0000000010006600                cdcd_init
 .text.cdcd_reset
                0x00000000100066bc       0x44 CMakeFiles/pico2.dir/home/kirill/pico/pico-sdk/lib/tinyusb/src/class/cdc/cdc_device.c.obj
                0x00000000100066bc                cdcd_reset
 .text.cdcd_open
                0x0000000010006700       0xcc CMakeFiles/pico2.dir/home/kirill/pico/pico-sdk/lib/tinyusb/src/class/cdc/cdc_device.c.obj
                0x0000000010006700                cdcd_open
 .text.cdcd_control_xfer_cb
                0x00000000100067cc      0x134 CMakeFiles/pico2.dir/home/kirill/pico/pico-sdk/lib/tinyusb/src/class/cdc/cdc_device.c.obj
                0x00000000100067cc                cdcd_control_xfer_cb
 .text.cdcd_xfer_cb
                0x0000000010006900      0x130 CMakeFiles/pico2.dir/home/kirill/pico/pico-sdk/lib/tinyusb/src/class/cdc/cdc_device.c.obj
                0x0000000010006900                cdcd_xfer_cb
 .text.tusb_init
                0x0000000010006a30        0xa CMakeFiles/pico2.dir/home/kirill/pico/pico-sdk/lib/tinyusb/src/tusb.c.obj
                0x0000000010006a30                tusb_init
 .text.tusb_inited
                0x0000000010006a3a        0xe CMakeFiles/pico2.dir/home/kirill/pico/pico-sdk/lib/tinyusb/src/tusb.c.obj
                0x0000000010006a3a                tusb_inited
 .text.tu_edpt_claim
                0x0000000010006a48       0x50 CMakeFiles/pico2.dir/home/kirill/pico/pico-sdk/lib/tinyusb/src/tusb.c.obj
                0x0000000010006a48                tu_edpt_claim
 .text.tu_edpt_release
                0x0000000010006a98       0x3c CMakeFiles/pico2.dir/home/kirill/pico/pico-sdk/lib/tinyusb/src/tusb.c.obj
                0x0000000010006a98                tu_edpt_release
 .text.tu_edpt_validate
                0x0000000010006ad4       0x78 CMakeFiles/pico2.dir/home/kirill/pico/pico-sdk/lib/tinyusb/src/tusb.c.obj
                0x0000000010006ad4                tu_edpt_validate
 .text.tu_edpt_bind_driver
                0x0000000010006b4c       0x26 CMakeFiles/pico2.dir/home/kirill/pico/pico-sdk/lib/tinyusb/src/tusb.c.obj
                0x0000000010006b4c                tu_edpt_bind_driver
 .text.advance_index
                0x0000000010006b72       0x1a CMakeFiles/pico2.dir/home/kirill/pico/pico-sdk/lib/tinyusb/src/common/tusb_fifo.c.obj
 .text._tu_fifo_peek
                0x0000000010006b8c       0x56 CMakeFiles/pico2.dir/home/kirill/pico/pico-sdk/lib/tinyusb/src/common/tusb_fifo.c.obj
 .text._ff_pull_const_addr
                0x0000000010006be2       0x4c CMakeFiles/pico2.dir/home/kirill/pico/pico-sdk/lib/tinyusb/src/common/tusb_fifo.c.obj
 .text._ff_pull_n
                0x0000000010006c2e      0x110 CMakeFiles/pico2.dir/home/kirill/pico/pico-sdk/lib/tinyusb/src/common/tusb_fifo.c.obj
 .text._tu_fifo_peek_n
                0x0000000010006d3e       0x6a CMakeFiles/pico2.dir/home/kirill/pico/pico-sdk/lib/tinyusb/src/common/tusb_fifo.c.obj
 .text._tu_fifo_read_n
                0x0000000010006da8       0x4e CMakeFiles/pico2.dir/home/kirill/pico/pico-sdk/lib/tinyusb/src/common/tusb_fifo.c.obj
 .text._ff_push_const_addr
                0x0000000010006df6       0x40 CMakeFiles/pico2.dir/home/kirill/pico/pico-sdk/lib/tinyusb/src/common/tusb_fifo.c.obj
 .text._ff_push_n
                0x0000000010006e36      0x10c CMakeFiles/pico2.dir/home/kirill/pico/pico-sdk/lib/tinyusb/src/common/tusb_fifo.c.obj
 .text._tu_fifo_write_n
                0x0000000010006f42       0xf0 CMakeFiles/pico2.dir/home/kirill/pico/pico-sdk/lib/tinyusb/src/common/tusb_fifo.c.obj
 .text.tu_fifo_config
                0x0000000010007032       0x7c CMakeFiles/pico2.dir/home/kirill/pico/pico-sdk/lib/tinyusb/src/common/tusb_fifo.c.obj
                0x0000000010007032                tu_fifo_config
 .text.tu_fifo_count
                0x00000000100070ae       0x2a CMakeFiles/pico2.dir/home/kirill/pico/pico-sdk/lib/tinyusb/src/common/tusb_fifo.c.obj
                0x00000000100070ae                tu_fifo_count
 .text.tu_fifo_empty
                0x00000000100070d8       0x10 CMakeFiles/pico2.dir/home/kirill/pico/pico-sdk/lib/tinyusb/src/common/tusb_fifo.c.obj
                0x00000000100070d8                tu_fifo_empty
 .text.tu_fifo_full
                0x00000000100070e8       0x28 CMakeFiles/pico2.dir/home/kirill/pico/pico-sdk/lib/tinyusb/src/common/tusb_fifo.c.obj
                0x00000000100070e8                tu_fifo_full
 .text.tu_fifo_remaining
                0x0000000010007110       0x2c CMakeFiles/pico2.dir/home/kirill/pico/pico-sdk/lib/tinyusb/src/common/tusb_fifo.c.obj
                0x0000000010007110                tu_fifo_remaining
 .text.tu_fifo_read
                0x000000001000713c       0x42 CMakeFiles/pico2.dir/home/kirill/pico/pico-sdk/lib/tinyusb/src/common/tusb_fifo.c.obj
                0x000000001000713c                tu_fifo_read
 .text.tu_fifo_read_n
                0x000000001000717e        0xa CMakeFiles/pico2.dir/home/kirill/pico/pico-sdk/lib/tinyusb/src/common/tusb_fifo.c.obj
                0x000000001000717e                tu_fifo_read_n
 .text.tu_fifo_write
                0x0000000010007188       0x64 CMakeFiles/pico2.dir/home/kirill/pico/pico-sdk/lib/tinyusb/src/common/tusb_fifo.c.obj
                0x0000000010007188                tu_fifo_write
 .text.tu_fifo_write_n
                0x00000000100071ec        0xa CMakeFiles/pico2.dir/home/kirill/pico/pico-sdk/lib/tinyusb/src/common/tusb_fifo.c.obj
                0x00000000100071ec                tu_fifo_write_n
 .text.tu_fifo_clear
                0x00000000100071f6       0x3e CMakeFiles/pico2.dir/home/kirill/pico/pico-sdk/lib/tinyusb/src/common/tusb_fifo.c.obj
                0x00000000100071f6                tu_fifo_clear
 .text.tu_fifo_set_overwritable
                0x0000000010007234       0x46 CMakeFiles/pico2.dir/home/kirill/pico/pico-sdk/lib/tinyusb/src/common/tusb_fifo.c.obj
                0x0000000010007234                tu_fifo_set_overwritable
 *fill*         0x000000001000727a        0x2 
 .text.clock_gettime
                0x000000001000727c       0x3c CMakeFiles/pico2.dir/external_lib/pico_uart_transport/pico_uart_transports.c.obj
                0x000000001000727c                clock_gettime
 .text._Z7stepperiii
                0x00000000100072b8      0x108 CMakeFiles/pico2.dir/external_lib/stepper/stepper.cpp.obj
                0x00000000100072b8                stepper(int, int, int)
 .text._Z16stepper_overheatv
                0x00000000100073c0       0x80 CMakeFiles/pico2.dir/external_lib/stepper/stepper.cpp.obj
                0x00000000100073c0                stepper_overheat()
 .text._Z16stepper_pwm_initv
                0x0000000010007440       0x7c CMakeFiles/pico2.dir/external_lib/stepper/stepper.cpp.obj
                0x0000000010007440                stepper_pwm_init()
 .text._Z22stepper_direction_initv
                0x00000000100074bc       0x34 CMakeFiles/pico2.dir/external_lib/stepper/stepper.cpp.obj
                0x00000000100074bc                stepper_direction_init()
 .text._Z21stepper_overheat_initv
                0x00000000100074f0       0x34 CMakeFiles/pico2.dir/external_lib/stepper/stepper.cpp.obj
                0x00000000100074f0                stepper_overheat_init()
 .text._Z12stepper_initv
                0x0000000010007524       0x1e CMakeFiles/pico2.dir/external_lib/stepper/stepper.cpp.obj
                0x0000000010007524                stepper_init()
 *fill*         0x0000000010007542        0x2 
 .text._ZN7DISPLAY8I2C_initEv
                0x0000000010007544       0x38 CMakeFiles/pico2.dir/external_lib/display/display.cpp.obj
                0x0000000010007544                DISPLAY::I2C_init()
 .text._ZN7DISPLAY12display_initEv
                0x000000001000757c       0x14 CMakeFiles/pico2.dir/external_lib/display/display.cpp.obj
                0x000000001000757c                DISPLAY::display_init()
 .text._ZN7DISPLAY11Write_scoreEjjc
                0x0000000010007590       0x24 CMakeFiles/pico2.dir/external_lib/display/display.cpp.obj
                0x0000000010007590                DISPLAY::Write_score(unsigned int, unsigned int, char)
 .text._ZN7SSD130617SendCommandBufferEPhi
                0x00000000100075b4       0x1c CMakeFiles/pico2.dir/external_lib/display/SSD1306/SSD1306.cpp.obj
                0x00000000100075b4                SSD1306::SendCommandBuffer(unsigned char*, int)
 .text._ZN7SSD130610initialiseEv
                0x00000000100075d0       0x24 CMakeFiles/pico2.dir/external_lib/display/SSD1306/SSD1306.cpp.obj
                0x00000000100075d0                SSD1306::initialise()
 .text._ZN7SSD130613UpdateDisplayEv
                0x00000000100075f4       0x20 CMakeFiles/pico2.dir/external_lib/display/SSD1306/SSD1306.cpp.obj
                0x00000000100075f4                SSD1306::UpdateDisplay()
 .text._ZN7SSD13067reverseEh
                0x0000000010007614       0x30 CMakeFiles/pico2.dir/external_lib/display/SSD1306/SSD1306.cpp.obj
                0x0000000010007614                SSD1306::reverse(unsigned char)
 .text._ZN7SSD130617FillReversedCacheEv
                0x0000000010007644       0x2c CMakeFiles/pico2.dir/external_lib/display/SSD1306/SSD1306.cpp.obj
                0x0000000010007644                SSD1306::FillReversedCache()
 .text._ZN7SSD130610ExpandByteEh
                0x0000000010007670       0x26 CMakeFiles/pico2.dir/external_lib/display/SSD1306/SSD1306.cpp.obj
                0x0000000010007670                SSD1306::ExpandByte(unsigned char)
 *fill*         0x0000000010007696        0x2 
 .text._ZN7SSD130612WriteBigCharEjjc
                0x0000000010007698       0xb0 CMakeFiles/pico2.dir/external_lib/display/SSD1306/SSD1306.cpp.obj
                0x0000000010007698                SSD1306::WriteBigChar(unsigned int, unsigned int, char)
 .text.i2c_write_blocking_internal
                0x0000000010007748      0x140 CMakeFiles/pico2.dir/home/kirill/pico/pico-sdk/src/rp2_common/hardware_i2c/i2c.c.obj
 .text.i2c_set_baudrate
                0x0000000010007888       0xf0 CMakeFiles/pico2.dir/home/kirill/pico/pico-sdk/src/rp2_common/hardware_i2c/i2c.c.obj
                0x0000000010007888                i2c_set_baudrate
 .text.i2c_init
                0x0000000010007978       0x58 CMakeFiles/pico2.dir/home/kirill/pico/pico-sdk/src/rp2_common/hardware_i2c/i2c.c.obj
                0x0000000010007978                i2c_init
 .text.i2c_write_blocking
                0x00000000100079d0       0x18 CMakeFiles/pico2.dir/home/kirill/pico/pico-sdk/src/rp2_common/hardware_i2c/i2c.c.obj
                0x00000000100079d0                i2c_write_blocking
 .text.rosidl_typesupport_c__get_message_type_support_handle__geometry_msgs__msg__Vector3
                0x00000000100079e8       0x1c /home/kirill/Projects/Pico/test/pico2/libmicroros/libmicroros.a(libgeometry_msgs__rosidl_typesupport_c-vector3__type_support.cpp.obj)
                0x00000000100079e8                rosidl_typesupport_c__get_message_type_support_handle__geometry_msgs__msg__Vector3
 .text.startup._GLOBAL__sub_I_rosidl_typesupport_c__get_message_type_support_handle__geometry_msgs__msg__Vector3
                0x0000000010007a04       0x14 /home/kirill/Projects/Pico/test/pico2/libmicroros/libmicroros.a(libgeometry_msgs__rosidl_typesupport_c-vector3__type_support.cpp.obj)
 .text.geometry_msgs__msg__Vector3__rosidl_typesupport_introspection_c__Vector3_init_function
                0x0000000010007a18        0x8 /home/kirill/Projects/Pico/test/pico2/libmicroros/libmicroros.a(libgeometry_msgs__rosidl_typesupport_introspection_c-vector3__type_support.c.obj)
                0x0000000010007a18                geometry_msgs__msg__Vector3__rosidl_typesupport_introspection_c__Vector3_init_function
 .text.geometry_msgs__msg__Vector3__rosidl_typesupport_introspection_c__Vector3_fini_function
                0x0000000010007a20        0x8 /home/kirill/Projects/Pico/test/pico2/libmicroros/libmicroros.a(libgeometry_msgs__rosidl_typesupport_introspection_c-vector3__type_support.c.obj)
                0x0000000010007a20                geometry_msgs__msg__Vector3__rosidl_typesupport_introspection_c__Vector3_fini_function
 .text.rosidl_typesupport_introspection_c__get_message_type_support_handle__geometry_msgs__msg__Vector3
                0x0000000010007a28       0x1c /home/kirill/Projects/Pico/test/pico2/libmicroros/libmicroros.a(libgeometry_msgs__rosidl_typesupport_introspection_c-vector3__type_support.c.obj)
                0x0000000010007a28                rosidl_typesupport_introspection_c__get_message_type_support_handle__geometry_msgs__msg__Vector3
 .text.get_serialized_size_geometry_msgs__msg__Vector3
                0x0000000010007a44       0x38 /home/kirill/Projects/Pico/test/pico2/libmicroros/libmicroros.a(libgeometry_msgs__rosidl_typesupport_microxrcedds_c-vector3__type_support_c.c.obj)
                0x0000000010007a44                get_serialized_size_geometry_msgs__msg__Vector3
 .text._Vector3__cdr_deserialize
                0x0000000010007a7c       0x28 /home/kirill/Projects/Pico/test/pico2/libmicroros/libmicroros.a(libgeometry_msgs__rosidl_typesupport_microxrcedds_c-vector3__type_support_c.c.obj)
 .text._Vector3__cdr_serialize
                0x0000000010007aa4       0x30 /home/kirill/Projects/Pico/test/pico2/libmicroros/libmicroros.a(libgeometry_msgs__rosidl_typesupport_microxrcedds_c-vector3__type_support_c.c.obj)
 .text._Vector3__get_serialized_size
                0x0000000010007ad4       0x30 /home/kirill/Projects/Pico/test/pico2/libmicroros/libmicroros.a(libgeometry_msgs__rosidl_typesupport_microxrcedds_c-vector3__type_support_c.c.obj)
 .text._Vector3__max_serialized_size
                0x0000000010007b04       0x28 /home/kirill/Projects/Pico/test/pico2/libmicroros/libmicroros.a(libgeometry_msgs__rosidl_typesupport_microxrcedds_c-vector3__type_support_c.c.obj)
 .text.rosidl_typesupport_microxrcedds_c__get_message_type_support_handle__geometry_msgs__msg__Vector3
                0x0000000010007b2c        0x8 /home/kirill/Projects/Pico/test/pico2/libmicroros/libmicroros.a(libgeometry_msgs__rosidl_typesupport_microxrcedds_c-vector3__type_support_c.c.obj)
                0x0000000010007b2c                rosidl_typesupport_microxrcedds_c__get_message_type_support_handle__geometry_msgs__msg__Vector3
 .text.ucdr_serialize_bool
                0x0000000010007b34       0x2c /home/kirill/Projects/Pico/test/pico2/libmicroros/libmicroros.a(libmicrocdr-basic.c.obj)
                0x0000000010007b34                ucdr_serialize_bool
 .text.ucdr_deserialize_bool
                0x0000000010007b60       0x30 /home/kirill/Projects/Pico/test/pico2/libmicroros/libmicroros.a(libmicrocdr-basic.c.obj)
                0x0000000010007b60                ucdr_deserialize_bool
 .text.ucdr_serialize_uint8_t
                0x0000000010007b90       0x2c /home/kirill/Projects/Pico/test/pico2/libmicroros/libmicroros.a(libmicrocdr-basic.c.obj)
                0x0000000010007b90                ucdr_serialize_uint8_t
 .text.ucdr_deserialize_uint8_t
                0x0000000010007bbc       0x30 /home/kirill/Projects/Pico/test/pico2/libmicroros/libmicroros.a(libmicrocdr-basic.c.obj)
                0x0000000010007bbc                ucdr_deserialize_uint8_t
 .text.ucdr_serialize_uint16_t
                0x0000000010007bec       0xf4 /home/kirill/Projects/Pico/test/pico2/libmicroros/libmicroros.a(libmicrocdr-basic.c.obj)
                0x0000000010007bec                ucdr_serialize_uint16_t
 .text.ucdr_serialize_endian_uint16_t
                0x0000000010007ce0      0x100 /home/kirill/Projects/Pico/test/pico2/libmicroros/libmicroros.a(libmicrocdr-basic.c.obj)
                0x0000000010007ce0                ucdr_serialize_endian_uint16_t
 .text.ucdr_deserialize_uint16_t
                0x0000000010007de0       0xec /home/kirill/Projects/Pico/test/pico2/libmicroros/libmicroros.a(libmicrocdr-basic.c.obj)
                0x0000000010007de0                ucdr_deserialize_uint16_t
 .text.ucdr_deserialize_endian_uint16_t
                0x0000000010007ecc       0xf8 /home/kirill/Projects/Pico/test/pico2/libmicroros/libmicroros.a(libmicrocdr-basic.c.obj)
                0x0000000010007ecc                ucdr_deserialize_endian_uint16_t
 .text.ucdr_serialize_uint32_t
                0x0000000010007fc4      0x11c /home/kirill/Projects/Pico/test/pico2/libmicroros/libmicroros.a(libmicrocdr-basic.c.obj)
                0x0000000010007fc4                ucdr_serialize_uint32_t
 .text.ucdr_serialize_endian_uint32_t
                0x00000000100080e0      0x11c /home/kirill/Projects/Pico/test/pico2/libmicroros/libmicroros.a(libmicrocdr-basic.c.obj)
                0x00000000100080e0                ucdr_serialize_endian_uint32_t
 .text.ucdr_deserialize_uint32_t
                0x00000000100081fc      0x11c /home/kirill/Projects/Pico/test/pico2/libmicroros/libmicroros.a(libmicrocdr-basic.c.obj)
                0x00000000100081fc                ucdr_deserialize_uint32_t
 .text.ucdr_deserialize_endian_uint32_t
                0x0000000010008318      0x12c /home/kirill/Projects/Pico/test/pico2/libmicroros/libmicroros.a(libmicrocdr-basic.c.obj)
                0x0000000010008318                ucdr_deserialize_endian_uint32_t
 .text.ucdr_serialize_uint64_t
                0x0000000010008444      0x170 /home/kirill/Projects/Pico/test/pico2/libmicroros/libmicroros.a(libmicrocdr-basic.c.obj)
                0x0000000010008444                ucdr_serialize_uint64_t
 .text.ucdr_serialize_int8_t
                0x00000000100085b4       0x2c /home/kirill/Projects/Pico/test/pico2/libmicroros/libmicroros.a(libmicrocdr-basic.c.obj)
                0x00000000100085b4                ucdr_serialize_int8_t
 .text.ucdr_deserialize_int8_t
                0x00000000100085e0       0x30 /home/kirill/Projects/Pico/test/pico2/libmicroros/libmicroros.a(libmicrocdr-basic.c.obj)
                0x00000000100085e0                ucdr_deserialize_int8_t
 .text.ucdr_serialize_int16_t
                0x0000000010008610       0xf4 /home/kirill/Projects/Pico/test/pico2/libmicroros/libmicroros.a(libmicrocdr-basic.c.obj)
                0x0000000010008610                ucdr_serialize_int16_t
 .text.ucdr_deserialize_int16_t
                0x0000000010008704       0xec /home/kirill/Projects/Pico/test/pico2/libmicroros/libmicroros.a(libmicrocdr-basic.c.obj)
                0x0000000010008704                ucdr_deserialize_int16_t
 .text.ucdr_serialize_int32_t
                0x00000000100087f0      0x11c /home/kirill/Projects/Pico/test/pico2/libmicroros/libmicroros.a(libmicrocdr-basic.c.obj)
                0x00000000100087f0                ucdr_serialize_int32_t
 .text.ucdr_deserialize_int32_t
                0x000000001000890c      0x11c /home/kirill/Projects/Pico/test/pico2/libmicroros/libmicroros.a(libmicrocdr-basic.c.obj)
                0x000000001000890c                ucdr_deserialize_int32_t
 .text.ucdr_serialize_double
                0x0000000010008a28      0x170 /home/kirill/Projects/Pico/test/pico2/libmicroros/libmicroros.a(libmicrocdr-basic.c.obj)
                0x0000000010008a28                ucdr_serialize_double
 .text.ucdr_deserialize_double
                0x0000000010008b98      0x180 /home/kirill/Projects/Pico/test/pico2/libmicroros/libmicroros.a(libmicrocdr-basic.c.obj)
                0x0000000010008b98                ucdr_deserialize_double
 .text.ucdr_check_buffer_available_for
                0x0000000010008d18       0x1c /home/kirill/Projects/Pico/test/pico2/libmicroros/libmicroros.a(libmicrocdr-common.c.obj)
                0x0000000010008d18                ucdr_check_buffer_available_for
 .text.ucdr_check_final_buffer_behavior
                0x0000000010008d34       0x38 /home/kirill/Projects/Pico/test/pico2/libmicroros/libmicroros.a(libmicrocdr-common.c.obj)
                0x0000000010008d34                ucdr_check_final_buffer_behavior
 .text.ucdr_set_on_full_buffer_callback
                0x0000000010008d6c        0x8 /home/kirill/Projects/Pico/test/pico2/libmicroros/libmicroros.a(libmicrocdr-common.c.obj)
                0x0000000010008d6c                ucdr_set_on_full_buffer_callback
 .text.ucdr_init_buffer_origin_offset_endian
                0x0000000010008d74       0x28 /home/kirill/Projects/Pico/test/pico2/libmicroros/libmicroros.a(libmicrocdr-common.c.obj)
                0x0000000010008d74                ucdr_init_buffer_origin_offset_endian
 .text.ucdr_init_buffer_origin_offset
                0x0000000010008d9c       0x14 /home/kirill/Projects/Pico/test/pico2/libmicroros/libmicroros.a(libmicrocdr-common.c.obj)
                0x0000000010008d9c                ucdr_init_buffer_origin_offset
 .text.ucdr_init_buffer_origin
                0x0000000010008db0       0x10 /home/kirill/Projects/Pico/test/pico2/libmicroros/libmicroros.a(libmicrocdr-common.c.obj)
                0x0000000010008db0                ucdr_init_buffer_origin
 .text.ucdr_init_buffer
                0x0000000010008dc0        0xc /home/kirill/Projects/Pico/test/pico2/libmicroros/libmicroros.a(libmicrocdr-common.c.obj)
                0x0000000010008dc0                ucdr_init_buffer
 .text.ucdr_alignment
                0x0000000010008dcc       0x10 /home/kirill/Projects/Pico/test/pico2/libmicroros/libmicroros.a(libmicrocdr-common.c.obj)
                0x0000000010008dcc                ucdr_alignment
 .text.ucdr_buffer_alignment
                0x0000000010008ddc       0x1c /home/kirill/Projects/Pico/test/pico2/libmicroros/libmicroros.a(libmicrocdr-common.c.obj)
                0x0000000010008ddc                ucdr_buffer_alignment
 .text.ucdr_align_to
                0x0000000010008df8       0x24 /home/kirill/Projects/Pico/test/pico2/libmicroros/libmicroros.a(libmicrocdr-common.c.obj)
                0x0000000010008df8                ucdr_align_to
 .text.ucdr_buffer_length
                0x0000000010008e1c        0x8 /home/kirill/Projects/Pico/test/pico2/libmicroros/libmicroros.a(libmicrocdr-common.c.obj)
                0x0000000010008e1c                ucdr_buffer_length
 .text.ucdr_buffer_remaining
                0x0000000010008e24        0x8 /home/kirill/Projects/Pico/test/pico2/libmicroros/libmicroros.a(libmicrocdr-common.c.obj)
                0x0000000010008e24                ucdr_buffer_remaining
 .text.ucdr_check_final_buffer_behavior_array
                0x0000000010008e2c       0x44 /home/kirill/Projects/Pico/test/pico2/libmicroros/libmicroros.a(libmicrocdr-common.c.obj)
                0x0000000010008e2c                ucdr_check_final_buffer_behavior_array
 .text.ucdr_advance_buffer
                0x0000000010008e70       0x44 /home/kirill/Projects/Pico/test/pico2/libmicroros/libmicroros.a(libmicrocdr-common.c.obj)
                0x0000000010008e70                ucdr_advance_buffer
 .text.rcl_get_zero_initialized_publisher
                0x0000000010008eb4        0xc /home/kirill/Projects/Pico/test/pico2/libmicroros/libmicroros.a(librcl-publisher.c.obj)
                0x0000000010008eb4                rcl_get_zero_initialized_publisher
 .text.rcl_publisher_init
                0x0000000010008ec0      0x138 /home/kirill/Projects/Pico/test/pico2/libmicroros/libmicroros.a(librcl-publisher.c.obj)
                0x0000000010008ec0                rcl_publisher_init
 .text.rcl_publisher_get_default_options
                0x0000000010008ff8       0x50 /home/kirill/Projects/Pico/test/pico2/libmicroros/libmicroros.a(librcl-publisher.c.obj)
                0x0000000010008ff8                rcl_publisher_get_default_options
 .text.rcl_publish
                0x0000000010009048       0x4c /home/kirill/Projects/Pico/test/pico2/libmicroros/libmicroros.a(librcl-publisher.c.obj)
                0x0000000010009048                rcl_publish
 .text.rcl_publisher_is_valid
                0x0000000010009094       0x30 /home/kirill/Projects/Pico/test/pico2/libmicroros/libmicroros.a(librcl-publisher.c.obj)
                0x0000000010009094                rcl_publisher_is_valid
 .text.rcl_publisher_is_valid_except_context
                0x00000000100090c4       0x1c /home/kirill/Projects/Pico/test/pico2/libmicroros/libmicroros.a(librcl-publisher.c.obj)
                0x00000000100090c4                rcl_publisher_is_valid_except_context
 .text._rclc_check_for_new_data
                0x00000000100090e0       0x90 /home/kirill/Projects/Pico/test/pico2/libmicroros/libmicroros.a(librclc-executor.c.obj)
 .text._rclc_take_new_data
                0x0000000010009170      0x2c8 /home/kirill/Projects/Pico/test/pico2/libmicroros/libmicroros.a(librclc-executor.c.obj)
 .text._rclc_execute.part.0
                0x0000000010009438      0x29c /home/kirill/Projects/Pico/test/pico2/libmicroros/libmicroros.a(librclc-executor.c.obj)
 .text.rclc_executor_trigger_any
                0x00000000100096d4       0x7c /home/kirill/Projects/Pico/test/pico2/libmicroros/libmicroros.a(librclc-executor.c.obj)
                0x00000000100096d4                rclc_executor_trigger_any
 .text.rclc_executor_init
                0x0000000010009750       0xc0 /home/kirill/Projects/Pico/test/pico2/libmicroros/libmicroros.a(librclc-executor.c.obj)
                0x0000000010009750                rclc_executor_init
 .text.rclc_executor_add_subscription
                0x0000000010009810       0x74 /home/kirill/Projects/Pico/test/pico2/libmicroros/libmicroros.a(librclc-executor.c.obj)
                0x0000000010009810                rclc_executor_add_subscription
 .text.rclc_executor_add_timer
                0x0000000010009884       0x58 /home/kirill/Projects/Pico/test/pico2/libmicroros/libmicroros.a(librclc-executor.c.obj)
                0x0000000010009884                rclc_executor_add_timer
 .text.rclc_executor_prepare
                0x00000000100098dc       0x88 /home/kirill/Projects/Pico/test/pico2/libmicroros/libmicroros.a(librclc-executor.c.obj)
                0x00000000100098dc                rclc_executor_prepare
 .text.rclc_executor_spin_some.part.0
                0x0000000010009964      0x378 /home/kirill/Projects/Pico/test/pico2/libmicroros/libmicroros.a(librclc-executor.c.obj)
 .text.rclc_executor_spin_some
                0x0000000010009cdc       0x30 /home/kirill/Projects/Pico/test/pico2/libmicroros/libmicroros.a(librclc-executor.c.obj)
                0x0000000010009cdc                rclc_executor_spin_some
 .text.rclc_executor_handle_counters_zero_init
                0x0000000010009d0c       0x18 /home/kirill/Projects/Pico/test/pico2/libmicroros/libmicroros.a(librclc-executor_handle.c.obj)
                0x0000000010009d0c                rclc_executor_handle_counters_zero_init
 .text.rclc_executor_handle_init
                0x0000000010009d24       0x28 /home/kirill/Projects/Pico/test/pico2/libmicroros/libmicroros.a(librclc-executor_handle.c.obj)
                0x0000000010009d24                rclc_executor_handle_init
 .text.rclc_support_init
                0x0000000010009d4c       0x94 /home/kirill/Projects/Pico/test/pico2/libmicroros/libmicroros.a(librclc-init.c.obj)
                0x0000000010009d4c                rclc_support_init
 .text.rclc_node_init_default
                0x0000000010009de0       0x74 /home/kirill/Projects/Pico/test/pico2/libmicroros/libmicroros.a(librclc-node.c.obj)
                0x0000000010009de0                rclc_node_init_default
 .text.rclc_publisher_init_default
                0x0000000010009e54       0x68 /home/kirill/Projects/Pico/test/pico2/libmicroros/libmicroros.a(librclc-publisher.c.obj)
                0x0000000010009e54                rclc_publisher_init_default
 .text.rclc_subscription_init_default
                0x0000000010009ebc       0x68 /home/kirill/Projects/Pico/test/pico2/libmicroros/libmicroros.a(librclc-subscription.c.obj)
                0x0000000010009ebc                rclc_subscription_init_default
 .text.rclc_timer_init_default
                0x0000000010009f24       0x60 /home/kirill/Projects/Pico/test/pico2/libmicroros/libmicroros.a(librclc-timer.c.obj)
                0x0000000010009f24                rclc_timer_init_default
 .text.__default_zero_allocate
                0x0000000010009f84        0x8 /home/kirill/Projects/Pico/test/pico2/libmicroros/libmicroros.a(librcutils-allocator.c.obj)
 .text.__default_reallocate
                0x0000000010009f8c        0x8 /home/kirill/Projects/Pico/test/pico2/libmicroros/libmicroros.a(librcutils-allocator.c.obj)
 .text.__default_deallocate
                0x0000000010009f94        0x8 /home/kirill/Projects/Pico/test/pico2/libmicroros/libmicroros.a(librcutils-allocator.c.obj)
 .text.__default_allocate
                0x0000000010009f9c        0x8 /home/kirill/Projects/Pico/test/pico2/libmicroros/libmicroros.a(librcutils-allocator.c.obj)
 .text.rcutils_get_default_allocator
                0x0000000010009fa4       0x14 /home/kirill/Projects/Pico/test/pico2/libmicroros/libmicroros.a(librcutils-allocator.c.obj)
                0x0000000010009fa4                rcutils_get_default_allocator
 .text.rcutils_allocator_is_valid
                0x0000000010009fb8       0x24 /home/kirill/Projects/Pico/test/pico2/libmicroros/libmicroros.a(librcutils-allocator.c.obj)
                0x0000000010009fb8                rcutils_allocator_is_valid
 .text.rcutils_get_error_string
                0x0000000010009fdc       0x34 /home/kirill/Projects/Pico/test/pico2/libmicroros/libmicroros.a(librcutils-error_handling.c.obj)
                0x0000000010009fdc                rcutils_get_error_string
 .text.rcutils_reset_error
                0x000000001000a010       0x38 /home/kirill/Projects/Pico/test/pico2/libmicroros/libmicroros.a(librcutils-error_handling.c.obj)
                0x000000001000a010                rcutils_reset_error
 .text.rcutils_system_time_now
                0x000000001000a048       0x4c /home/kirill/Projects/Pico/test/pico2/libmicroros/libmicroros.a(librcutils-time_unix.c.obj)
                0x000000001000a048                rcutils_system_time_now
 .text.rcutils_steady_time_now
                0x000000001000a094       0x4c /home/kirill/Projects/Pico/test/pico2/libmicroros/libmicroros.a(librcutils-time_unix.c.obj)
                0x000000001000a094                rcutils_steady_time_now
 .text.rmw_get_default_publisher_options
                0x000000001000a0e0        0x8 /home/kirill/Projects/Pico/test/pico2/libmicroros/libmicroros.a(librmw-publisher_options.c.obj)
                0x000000001000a0e0                rmw_get_default_publisher_options
 .text.rmw_uros_set_custom_transport
                0x000000001000a0e8       0x34 /home/kirill/Projects/Pico/test/pico2/libmicroros/libmicroros.a(librmw_microxrcedds-custom_transport.c.obj)
                0x000000001000a0e8                rmw_uros_set_custom_transport
 .text.rmw_uros_ping_agent
                0x000000001000a11c       0xa0 /home/kirill/Projects/Pico/test/pico2/libmicroros/libmicroros.a(librmw_microxrcedds-ping.c.obj)
                0x000000001000a11c                rmw_uros_ping_agent
 .text.flush_session
                0x000000001000a1bc        0xc /home/kirill/Projects/Pico/test/pico2/libmicroros/libmicroros.a(librmw_microxrcedds-rmw_publish.c.obj)
                0x000000001000a1bc                flush_session
 .text.rmw_publish
                0x000000001000a1c8       0xd8 /home/kirill/Projects/Pico/test/pico2/libmicroros/libmicroros.a(librmw_microxrcedds-rmw_publish.c.obj)
                0x000000001000a1c8                rmw_publish
 .text.rmw_create_publisher
                0x000000001000a2a0      0x20c /home/kirill/Projects/Pico/test/pico2/libmicroros/libmicroros.a(librmw_microxrcedds-rmw_publisher.c.obj)
                0x000000001000a2a0                rmw_create_publisher
 .text.rmw_publisher_get_actual_qos
                0x000000001000a4ac       0x20 /home/kirill/Projects/Pico/test/pico2/libmicroros/libmicroros.a(librmw_microxrcedds-rmw_publisher.c.obj)
                0x000000001000a4ac                rmw_publisher_get_actual_qos
 .text.rmw_destroy_publisher
                0x000000001000a4cc       0xf4 /home/kirill/Projects/Pico/test/pico2/libmicroros/libmicroros.a(librmw_microxrcedds-rmw_publisher.c.obj)
                0x000000001000a4cc                rmw_destroy_publisher
 .text.rmw_uxrce_transport_init
                0x000000001000a5c0       0x2c /home/kirill/Projects/Pico/test/pico2/libmicroros/libmicroros.a(librmw_microxrcedds-rmw_uxrce_transports.c.obj)
                0x000000001000a5c0                rmw_uxrce_transport_init
 .text.rmw_uxrce_init_service_memory
                0x000000001000a5ec       0x48 /home/kirill/Projects/Pico/test/pico2/libmicroros/libmicroros.a(librmw_microxrcedds-types.c.obj)
                0x000000001000a5ec                rmw_uxrce_init_service_memory
 .text.rmw_uxrce_init_client_memory
                0x000000001000a634       0x48 /home/kirill/Projects/Pico/test/pico2/libmicroros/libmicroros.a(librmw_microxrcedds-types.c.obj)
                0x000000001000a634                rmw_uxrce_init_client_memory
 .text.rmw_uxrce_init_publisher_memory
                0x000000001000a67c       0x48 /home/kirill/Projects/Pico/test/pico2/libmicroros/libmicroros.a(librmw_microxrcedds-types.c.obj)
                0x000000001000a67c                rmw_uxrce_init_publisher_memory
 .text.rmw_uxrce_init_subscription_memory
                0x000000001000a6c4       0x48 /home/kirill/Projects/Pico/test/pico2/libmicroros/libmicroros.a(librmw_microxrcedds-types.c.obj)
                0x000000001000a6c4                rmw_uxrce_init_subscription_memory
 .text.rmw_uxrce_init_node_memory
                0x000000001000a70c       0x48 /home/kirill/Projects/Pico/test/pico2/libmicroros/libmicroros.a(librmw_microxrcedds-types.c.obj)
                0x000000001000a70c                rmw_uxrce_init_node_memory
 .text.rmw_uxrce_init_session_memory
                0x000000001000a754       0x50 /home/kirill/Projects/Pico/test/pico2/libmicroros/libmicroros.a(librmw_microxrcedds-types.c.obj)
                0x000000001000a754                rmw_uxrce_init_session_memory
 .text.rmw_uxrce_init_topic_memory
                0x000000001000a7a4       0x48 /home/kirill/Projects/Pico/test/pico2/libmicroros/libmicroros.a(librmw_microxrcedds-types.c.obj)
                0x000000001000a7a4                rmw_uxrce_init_topic_memory
 .text.rmw_uxrce_init_static_input_buffer_memory
                0x000000001000a7ec       0x50 /home/kirill/Projects/Pico/test/pico2/libmicroros/libmicroros.a(librmw_microxrcedds-types.c.obj)
                0x000000001000a7ec                rmw_uxrce_init_static_input_buffer_memory
 .text.rmw_uxrce_init_init_options_impl_memory
                0x000000001000a83c       0x48 /home/kirill/Projects/Pico/test/pico2/libmicroros/libmicroros.a(librmw_microxrcedds-types.c.obj)
                0x000000001000a83c                rmw_uxrce_init_init_options_impl_memory
 .text.rmw_uxrce_init_wait_set_memory
                0x000000001000a884       0x48 /home/kirill/Projects/Pico/test/pico2/libmicroros/libmicroros.a(librmw_microxrcedds-types.c.obj)
                0x000000001000a884                rmw_uxrce_init_wait_set_memory
 .text.rmw_uxrce_init_guard_condition_memory
                0x000000001000a8cc       0x48 /home/kirill/Projects/Pico/test/pico2/libmicroros/libmicroros.a(librmw_microxrcedds-types.c.obj)
                0x000000001000a8cc                rmw_uxrce_init_guard_condition_memory
 .text.rmw_uxrce_fini_session_memory
                0x000000001000a914       0x10 /home/kirill/Projects/Pico/test/pico2/libmicroros/libmicroros.a(librmw_microxrcedds-types.c.obj)
                0x000000001000a914                rmw_uxrce_fini_session_memory
 .text.rmw_uxrce_fini_node_memory
                0x000000001000a924       0x34 /home/kirill/Projects/Pico/test/pico2/libmicroros/libmicroros.a(librmw_microxrcedds-types.c.obj)
                0x000000001000a924                rmw_uxrce_fini_node_memory
 .text.rmw_uxrce_fini_publisher_memory
                0x000000001000a958       0x34 /home/kirill/Projects/Pico/test/pico2/libmicroros/libmicroros.a(librmw_microxrcedds-types.c.obj)
                0x000000001000a958                rmw_uxrce_fini_publisher_memory
 .text.rmw_uxrce_fini_subscription_memory
                0x000000001000a98c       0x34 /home/kirill/Projects/Pico/test/pico2/libmicroros/libmicroros.a(librmw_microxrcedds-types.c.obj)
                0x000000001000a98c                rmw_uxrce_fini_subscription_memory
 .text.rmw_uxrce_fini_service_memory